=================================================================
  GNR638 Assignment 2 – Run Log
  Started  : 2026-03-11 17:03:06
  Log file : results/run.log
=================================================================

───────────────────────────────────────────────────────
  Dataset Diagnostic: /home/nasir/gnr650/a2/train_data
───────────────────────────────────────────────────────
  Class folders found : 30
    [00] Airport                         251 images
    [01] BareLand                        217 images
    [02] BaseballField                   154 images
    [03] Beach                           280 images
    [04] Bridge                          251 images
    [05] Center                          182 images
    [06] Church                          168 images
    [07] Commercial                      244 images
    [08] DenseResidential                287 images
    [09] Desert                          210 images
    [10] Farmland                        259 images
    [11] Forest                          175 images
    [12] Industrial                      273 images
    [13] Meadow                          196 images
    [14] MediumResidential               203 images
    [15] Mountain                        237 images
    [16] Park                            244 images
    [17] Parking                         273 images
    [18] Playground                      259 images
    [19] Pond                            294 images
    [20] Port                            266 images
    [21] RailwayStation                  182 images
    [22] Resort                          203 images
    [23] River                           287 images
    [24] School                          210 images
    [25] SparseResidential               210 images
    [26] Square                          230 images
    [27] Stadium                         203 images
    [28] StorageTanks                    251 images
    [29] Viaduct                         294 images
───────────────────────────────────────────────────────


[main] Dataset   : 6993 images | 30 classes  ✓
[main] Models    : ['efficientnet_b0', 'densenet121', 'resnet50']
[main] Scenarios : ['4.1', '4.2', '4.3', '4.4', '4.5']
[main] Device    : cuda
[main] Seed      : 42


============================================================
  SCENARIO 4.1 – Linear Probe Transfer
============================================================

── EFFICIENTNET_B0 ──────────────────────────
  [timm] loaded 'efficientnet_b0' | head_attr='classifier'
  [build_model] efficientnet_b0 | strategy=linear_probe | trainable=38,430 / 4,045,978 params

──────────────────────────────────────────────────────────
  Efficiency Report: EFFICIENTNET_B0
──────────────────────────────────────────────────────────
  Total parameters   :       4,045,978
  Trainable params   :          38,430
  MACs               :     384,637,152  [thop]
  FLOPs              :     769,274,304
──────────────────────────────────────────────────────────
[linear_probe_efficientnet_b0] Epoch   1/30 | Train Loss 2.4375  Acc 33.92% | Val Loss 1.3720  Acc 61.62% | Time 40.3s
[linear_probe_efficientnet_b0] Epoch   2/30 | Train Loss 1.3181  Acc 61.85% | Val Loss 0.9686  Acc 71.72% | Time 38.9s
[linear_probe_efficientnet_b0] Epoch   3/30 | Train Loss 1.0357  Acc 69.81% | Val Loss 0.7840  Acc 76.98% | Time 39.4s
[linear_probe_efficientnet_b0] Epoch   4/30 | Train Loss 0.8996  Acc 73.76% | Val Loss 0.7225  Acc 78.35% | Time 39.3s
[linear_probe_efficientnet_b0] Epoch   5/30 | Train Loss 0.8298  Acc 75.67% | Val Loss 0.6882  Acc 78.93% | Time 39.6s
[linear_probe_efficientnet_b0] Epoch   6/30 | Train Loss 0.7775  Acc 76.94% | Val Loss 0.5990  Acc 82.11% | Time 39.1s
[linear_probe_efficientnet_b0] Epoch   7/30 | Train Loss 0.7268  Acc 78.46% | Val Loss 0.6021  Acc 81.96% | Time 39.1s
[linear_probe_efficientnet_b0] Epoch   8/30 | Train Loss 0.6730  Acc 79.54% | Val Loss 0.5609  Acc 83.12% | Time 39.7s
[linear_probe_efficientnet_b0] Epoch   9/30 | Train Loss 0.6892  Acc 79.06% | Val Loss 0.5689  Acc 83.48% | Time 39.5s
[linear_probe_efficientnet_b0] Epoch  10/30 | Train Loss 0.6564  Acc 80.31% | Val Loss 0.5232  Acc 84.20% | Time 39.6s
[linear_probe_efficientnet_b0] Epoch  11/30 | Train Loss 0.6346  Acc 80.42% | Val Loss 0.5203  Acc 83.91% | Time 39.4s
[linear_probe_efficientnet_b0] Epoch  12/30 | Train Loss 0.6301  Acc 80.76% | Val Loss 0.5308  Acc 84.63% | Time 38.7s
[linear_probe_efficientnet_b0] Epoch  13/30 | Train Loss 0.6042  Acc 81.36% | Val Loss 0.5102  Acc 84.70% | Time 40.4s
[linear_probe_efficientnet_b0] Epoch  14/30 | Train Loss 0.5890  Acc 82.52% | Val Loss 0.4886  Acc 85.50% | Time 40.0s
[linear_probe_efficientnet_b0] Epoch  15/30 | Train Loss 0.5935  Acc 82.06% | Val Loss 0.4727  Acc 85.93% | Time 39.9s
[linear_probe_efficientnet_b0] Epoch  16/30 | Train Loss 0.5657  Acc 82.83% | Val Loss 0.5022  Acc 84.56% | Time 39.2s
[linear_probe_efficientnet_b0] Epoch  17/30 | Train Loss 0.5459  Acc 83.50% | Val Loss 0.4818  Acc 85.21% | Time 39.2s
[linear_probe_efficientnet_b0] Epoch  18/30 | Train Loss 0.5687  Acc 82.77% | Val Loss 0.4574  Acc 86.29% | Time 39.2s
[linear_probe_efficientnet_b0] Epoch  19/30 | Train Loss 0.5378  Acc 83.95% | Val Loss 0.4835  Acc 85.43% | Time 39.0s
[linear_probe_efficientnet_b0] Epoch  20/30 | Train Loss 0.5317  Acc 83.86% | Val Loss 0.4754  Acc 84.85% | Time 38.6s
[linear_probe_efficientnet_b0] Epoch  21/30 | Train Loss 0.5298  Acc 84.25% | Val Loss 0.4710  Acc 85.35% | Time 40.0s
[linear_probe_efficientnet_b0] Epoch  22/30 | Train Loss 0.5187  Acc 84.77% | Val Loss 0.4809  Acc 85.21% | Time 39.3s
[linear_probe_efficientnet_b0] Epoch  23/30 | Train Loss 0.5356  Acc 84.34% | Val Loss 0.4475  Acc 86.22% | Time 39.9s
[linear_probe_efficientnet_b0] Epoch  24/30 | Train Loss 0.5313  Acc 83.77% | Val Loss 0.4660  Acc 85.14% | Time 38.4s
[linear_probe_efficientnet_b0] Epoch  25/30 | Train Loss 0.5143  Acc 84.48% | Val Loss 0.4452  Acc 86.29% | Time 39.6s
[linear_probe_efficientnet_b0] Epoch  26/30 | Train Loss 0.5062  Acc 84.61% | Val Loss 0.4688  Acc 85.43% | Time 38.9s
[linear_probe_efficientnet_b0] Epoch  27/30 | Train Loss 0.5405  Acc 83.66% | Val Loss 0.4489  Acc 85.71% | Time 38.5s
[linear_probe_efficientnet_b0] Epoch  28/30 | Train Loss 0.5025  Acc 85.16% | Val Loss 0.4739  Acc 85.43% | Time 38.7s
[linear_probe_efficientnet_b0] Epoch  29/30 | Train Loss 0.5255  Acc 84.07% | Val Loss 0.4484  Acc 85.86% | Time 38.8s
[linear_probe_efficientnet_b0] Epoch  30/30 | Train Loss 0.5188  Acc 84.34% | Val Loss 0.4611  Acc 85.86% | Time 39.0s
  [plot] saved → results/4.1_linear_probe/efficientnet_b0/acc_loss_curves.png
  [plot] saved → results/4.1_linear_probe/efficientnet_b0/confusion_matrix.png
  [plot] saved → results/4.1_linear_probe/efficientnet_b0/embeddings_pca.png
/home/nasir/miniconda/envs/myenv/lib/python3.9/site-packages/sklearn/manifold/_t_sne.py:1164: FutureWarning: 'n_iter' was renamed to 'max_iter' in version 1.5 and will be removed in 1.7.
  warnings.warn(
  [plot] saved → results/4.1_linear_probe/efficientnet_b0/embeddings_tsne.png

── DENSENET121 ──────────────────────────
  [timm] loaded 'densenet121' | head_attr='classifier'
  [build_model] densenet121 | strategy=linear_probe | trainable=30,750 / 6,984,606 params

──────────────────────────────────────────────────────────
  Efficiency Report: DENSENET121
──────────────────────────────────────────────────────────
  Total parameters   :       6,984,606
  Trainable params   :          30,750
  MACs               :   2,833,395,200  [thop]
  FLOPs              :   5,666,790,400
──────────────────────────────────────────────────────────
[linear_probe_densenet121] Epoch   1/30 | Train Loss 1.6521  Acc 58.32% | Val Loss 0.8473  Acc 78.43% | Time 39.7s
[linear_probe_densenet121] Epoch   2/30 | Train Loss 0.8501  Acc 77.46% | Val Loss 0.6317  Acc 83.04% | Time 38.4s
[linear_probe_densenet121] Epoch   3/30 | Train Loss 0.6820  Acc 81.49% | Val Loss 0.5137  Acc 85.86% | Time 38.4s
[linear_probe_densenet121] Epoch   4/30 | Train Loss 0.6293  Acc 82.29% | Val Loss 0.4684  Acc 86.51% | Time 38.9s
[linear_probe_densenet121] Epoch   5/30 | Train Loss 0.5652  Acc 83.81% | Val Loss 0.4429  Acc 86.00% | Time 38.4s
[linear_probe_densenet121] Epoch   6/30 | Train Loss 0.5355  Acc 84.52% | Val Loss 0.4149  Acc 86.94% | Time 38.9s
[linear_probe_densenet121] Epoch   7/30 | Train Loss 0.5063  Acc 85.18% | Val Loss 0.3971  Acc 87.66% | Time 38.6s
[linear_probe_densenet121] Epoch   8/30 | Train Loss 0.4773  Acc 86.09% | Val Loss 0.3734  Acc 89.54% | Time 38.5s
[linear_probe_densenet121] Epoch   9/30 | Train Loss 0.4455  Acc 86.84% | Val Loss 0.3547  Acc 89.47% | Time 38.8s
[linear_probe_densenet121] Epoch  10/30 | Train Loss 0.4406  Acc 87.14% | Val Loss 0.3435  Acc 89.97% | Time 38.9s
[linear_probe_densenet121] Epoch  11/30 | Train Loss 0.4350  Acc 87.37% | Val Loss 0.3420  Acc 89.61% | Time 39.2s
[linear_probe_densenet121] Epoch  12/30 | Train Loss 0.4142  Acc 88.19% | Val Loss 0.3109  Acc 90.98% | Time 39.6s
[linear_probe_densenet121] Epoch  13/30 | Train Loss 0.4048  Acc 88.32% | Val Loss 0.3321  Acc 90.33% | Time 39.1s
[linear_probe_densenet121] Epoch  14/30 | Train Loss 0.3957  Acc 88.35% | Val Loss 0.3351  Acc 89.25% | Time 38.4s
[linear_probe_densenet121] Epoch  15/30 | Train Loss 0.3890  Acc 87.98% | Val Loss 0.3005  Acc 91.49% | Time 38.8s
[linear_probe_densenet121] Epoch  16/30 | Train Loss 0.3747  Acc 88.78% | Val Loss 0.3208  Acc 90.48% | Time 38.7s
[linear_probe_densenet121] Epoch  17/30 | Train Loss 0.3773  Acc 88.67% | Val Loss 0.3307  Acc 90.33% | Time 38.0s
[linear_probe_densenet121] Epoch  18/30 | Train Loss 0.3684  Acc 89.30% | Val Loss 0.3287  Acc 90.19% | Time 38.6s
[linear_probe_densenet121] Epoch  19/30 | Train Loss 0.3689  Acc 89.12% | Val Loss 0.2927  Acc 91.70% | Time 38.7s
[linear_probe_densenet121] Epoch  20/30 | Train Loss 0.3585  Acc 89.28% | Val Loss 0.2999  Acc 91.20% | Time 38.3s
[linear_probe_densenet121] Epoch  21/30 | Train Loss 0.3514  Acc 89.73% | Val Loss 0.3155  Acc 90.62% | Time 38.6s
[linear_probe_densenet121] Epoch  22/30 | Train Loss 0.3506  Acc 89.41% | Val Loss 0.2855  Acc 91.63% | Time 38.8s
[linear_probe_densenet121] Epoch  23/30 | Train Loss 0.3534  Acc 89.69% | Val Loss 0.2933  Acc 90.91% | Time 38.8s
[linear_probe_densenet121] Epoch  24/30 | Train Loss 0.3372  Acc 89.91% | Val Loss 0.3039  Acc 91.05% | Time 38.8s
[linear_probe_densenet121] Epoch  25/30 | Train Loss 0.3436  Acc 89.94% | Val Loss 0.2918  Acc 91.63% | Time 39.5s
[linear_probe_densenet121] Epoch  26/30 | Train Loss 0.3457  Acc 90.05% | Val Loss 0.2930  Acc 91.56% | Time 38.7s
[linear_probe_densenet121] Epoch  27/30 | Train Loss 0.3450  Acc 89.92% | Val Loss 0.2954  Acc 91.20% | Time 38.9s
[linear_probe_densenet121] Epoch  28/30 | Train Loss 0.3376  Acc 89.96% | Val Loss 0.2903  Acc 91.13% | Time 38.9s
[linear_probe_densenet121] Epoch  29/30 | Train Loss 0.3347  Acc 90.19% | Val Loss 0.2915  Acc 91.49% | Time 38.9s
[linear_probe_densenet121] Epoch  30/30 | Train Loss 0.3243  Acc 90.39% | Val Loss 0.2982  Acc 91.20% | Time 38.9s
  [plot] saved → results/4.1_linear_probe/densenet121/acc_loss_curves.png
  [plot] saved → results/4.1_linear_probe/densenet121/confusion_matrix.png
  [plot] saved → results/4.1_linear_probe/densenet121/embeddings_pca.png
/home/nasir/miniconda/envs/myenv/lib/python3.9/site-packages/sklearn/manifold/_t_sne.py:1164: FutureWarning: 'n_iter' was renamed to 'max_iter' in version 1.5 and will be removed in 1.7.
  warnings.warn(
  [plot] saved → results/4.1_linear_probe/densenet121/embeddings_tsne.png

── RESNET50 ──────────────────────────
  [timm] loaded 'resnet50' | head_attr='fc'
  [build_model] resnet50 | strategy=linear_probe | trainable=61,470 / 23,569,502 params

──────────────────────────────────────────────────────────
  Efficiency Report: RESNET50
──────────────────────────────────────────────────────────
  Total parameters   :      23,569,502
  Trainable params   :          61,470
  MACs               :   4,131,756,032  [thop]
  FLOPs              :   8,263,512,064
──────────────────────────────────────────────────────────
[linear_probe_resnet50] Epoch   1/30 | Train Loss 2.6547  Acc 43.20% | Val Loss 2.0830  Acc 65.22% | Time 40.2s
[linear_probe_resnet50] Epoch   2/30 | Train Loss 1.7957  Acc 65.45% | Val Loss 1.5606  Acc 71.72% | Time 39.9s
[linear_probe_resnet50] Epoch   3/30 | Train Loss 1.4249  Acc 70.50% | Val Loss 1.2699  Acc 75.04% | Time 40.1s
[linear_probe_resnet50] Epoch   4/30 | Train Loss 1.2201  Acc 72.68% | Val Loss 1.1081  Acc 77.34% | Time 39.2s
[linear_probe_resnet50] Epoch   5/30 | Train Loss 1.0908  Acc 74.64% | Val Loss 0.9525  Acc 80.66% | Time 39.2s
[linear_probe_resnet50] Epoch   6/30 | Train Loss 0.9990  Acc 76.78% | Val Loss 0.9062  Acc 79.29% | Time 39.0s
[linear_probe_resnet50] Epoch   7/30 | Train Loss 0.9289  Acc 77.55% | Val Loss 0.8336  Acc 81.17% | Time 40.3s
[linear_probe_resnet50] Epoch   8/30 | Train Loss 0.8736  Acc 78.03% | Val Loss 0.7951  Acc 81.89% | Time 40.1s
[linear_probe_resnet50] Epoch   9/30 | Train Loss 0.8364  Acc 79.58% | Val Loss 0.7687  Acc 81.89% | Time 39.0s
[linear_probe_resnet50] Epoch  10/30 | Train Loss 0.8182  Acc 78.83% | Val Loss 0.7570  Acc 82.47% | Time 40.0s
[linear_probe_resnet50] Epoch  11/30 | Train Loss 0.7776  Acc 80.19% | Val Loss 0.7098  Acc 83.69% | Time 39.2s
[linear_probe_resnet50] Epoch  12/30 | Train Loss 0.7619  Acc 80.29% | Val Loss 0.6918  Acc 83.69% | Time 39.2s
[linear_probe_resnet50] Epoch  13/30 | Train Loss 0.7305  Acc 80.72% | Val Loss 0.6853  Acc 83.26% | Time 40.3s
[linear_probe_resnet50] Epoch  14/30 | Train Loss 0.7068  Acc 81.93% | Val Loss 0.6681  Acc 82.90% | Time 38.9s
[linear_probe_resnet50] Epoch  15/30 | Train Loss 0.6968  Acc 82.29% | Val Loss 0.6348  Acc 84.34% | Time 39.7s
[linear_probe_resnet50] Epoch  16/30 | Train Loss 0.6835  Acc 82.20% | Val Loss 0.6164  Acc 84.49% | Time 39.9s
[linear_probe_resnet50] Epoch  17/30 | Train Loss 0.6702  Acc 82.27% | Val Loss 0.6662  Acc 83.33% | Time 40.2s
[linear_probe_resnet50] Epoch  18/30 | Train Loss 0.6808  Acc 81.77% | Val Loss 0.5917  Acc 84.34% | Time 39.8s
[linear_probe_resnet50] Epoch  19/30 | Train Loss 0.6666  Acc 82.06% | Val Loss 0.6097  Acc 84.34% | Time 38.6s
[linear_probe_resnet50] Epoch  20/30 | Train Loss 0.6474  Acc 82.99% | Val Loss 0.5909  Acc 84.92% | Time 39.7s
[linear_probe_resnet50] Epoch  21/30 | Train Loss 0.6541  Acc 82.86% | Val Loss 0.5998  Acc 84.78% | Time 40.0s
[linear_probe_resnet50] Epoch  22/30 | Train Loss 0.6380  Acc 83.13% | Val Loss 0.5653  Acc 85.57% | Time 40.1s
[linear_probe_resnet50] Epoch  23/30 | Train Loss 0.6273  Acc 83.75% | Val Loss 0.6021  Acc 84.70% | Time 39.4s
[linear_probe_resnet50] Epoch  24/30 | Train Loss 0.6442  Acc 83.04% | Val Loss 0.5665  Acc 85.21% | Time 39.2s
[linear_probe_resnet50] Epoch  25/30 | Train Loss 0.6440  Acc 82.86% | Val Loss 0.5782  Acc 85.14% | Time 39.1s
[linear_probe_resnet50] Epoch  26/30 | Train Loss 0.6196  Acc 83.97% | Val Loss 0.5995  Acc 84.34% | Time 40.2s
[linear_probe_resnet50] Epoch  27/30 | Train Loss 0.6260  Acc 83.20% | Val Loss 0.5986  Acc 84.63% | Time 38.3s
[linear_probe_resnet50] Epoch  28/30 | Train Loss 0.6320  Acc 83.20% | Val Loss 0.5826  Acc 85.28% | Time 39.8s
[linear_probe_resnet50] Epoch  29/30 | Train Loss 0.6261  Acc 83.22% | Val Loss 0.5637  Acc 85.43% | Time 39.5s
[linear_probe_resnet50] Epoch  30/30 | Train Loss 0.6216  Acc 83.41% | Val Loss 0.5755  Acc 85.14% | Time 41.2s
  [plot] saved → results/4.1_linear_probe/resnet50/acc_loss_curves.png
  [plot] saved → results/4.1_linear_probe/resnet50/confusion_matrix.png
  [plot] saved → results/4.1_linear_probe/resnet50/embeddings_pca.png
/home/nasir/miniconda/envs/myenv/lib/python3.9/site-packages/sklearn/manifold/_t_sne.py:1164: FutureWarning: 'n_iter' was renamed to 'max_iter' in version 1.5 and will be removed in 1.7.
  warnings.warn(
  [plot] saved → results/4.1_linear_probe/resnet50/embeddings_tsne.png
  [json] saved → results/4.1_linear_probe/results.json

============================================================
  SCENARIO 4.2 – Fine-Tuning Strategies
============================================================

── EFFICIENTNET_B0 | linear_probe ──────────────────
  [timm] loaded 'efficientnet_b0' | head_attr='classifier'
  [build_model] efficientnet_b0 | strategy=linear_probe | trainable=38,430 / 4,045,978 params
   Unfrozen parameters: 0.9%
[efficientnet_b0_linear_probe] Epoch   1/30 | Train Loss 2.4861  Acc 33.30% | Val Loss 1.4156  Acc 60.39% | Time 39.9s
[efficientnet_b0_linear_probe] Epoch   2/30 | Train Loss 1.3463  Acc 61.58% | Val Loss 0.9744  Acc 70.35% | Time 38.9s
[efficientnet_b0_linear_probe] Epoch   3/30 | Train Loss 1.0433  Acc 69.38% | Val Loss 0.7981  Acc 76.33% | Time 38.8s
[efficientnet_b0_linear_probe] Epoch   4/30 | Train Loss 0.9084  Acc 73.35% | Val Loss 0.6992  Acc 79.15% | Time 39.8s
[efficientnet_b0_linear_probe] Epoch   5/30 | Train Loss 0.8353  Acc 75.03% | Val Loss 0.6514  Acc 80.52% | Time 39.1s
[efficientnet_b0_linear_probe] Epoch   6/30 | Train Loss 0.7771  Acc 76.74% | Val Loss 0.6136  Acc 81.39% | Time 39.9s
[efficientnet_b0_linear_probe] Epoch   7/30 | Train Loss 0.7185  Acc 78.37% | Val Loss 0.5938  Acc 82.32% | Time 39.4s
[efficientnet_b0_linear_probe] Epoch   8/30 | Train Loss 0.6983  Acc 78.78% | Val Loss 0.5769  Acc 82.76% | Time 39.9s
[efficientnet_b0_linear_probe] Epoch   9/30 | Train Loss 0.6665  Acc 79.74% | Val Loss 0.5487  Acc 83.41% | Time 39.3s
[efficientnet_b0_linear_probe] Epoch  10/30 | Train Loss 0.6477  Acc 80.61% | Val Loss 0.5533  Acc 83.12% | Time 38.3s
[efficientnet_b0_linear_probe] Epoch  11/30 | Train Loss 0.6409  Acc 80.58% | Val Loss 0.5369  Acc 83.41% | Time 39.8s
[efficientnet_b0_linear_probe] Epoch  12/30 | Train Loss 0.6269  Acc 81.26% | Val Loss 0.5194  Acc 83.19% | Time 40.0s
[efficientnet_b0_linear_probe] Epoch  13/30 | Train Loss 0.6110  Acc 80.60% | Val Loss 0.4875  Acc 84.78% | Time 39.9s
[efficientnet_b0_linear_probe] Epoch  14/30 | Train Loss 0.5902  Acc 82.47% | Val Loss 0.4753  Acc 85.06% | Time 39.2s
[efficientnet_b0_linear_probe] Epoch  15/30 | Train Loss 0.5883  Acc 82.06% | Val Loss 0.4997  Acc 85.21% | Time 39.5s
[efficientnet_b0_linear_probe] Epoch  16/30 | Train Loss 0.5903  Acc 82.22% | Val Loss 0.4796  Acc 84.34% | Time 38.6s
[efficientnet_b0_linear_probe] Epoch  17/30 | Train Loss 0.5480  Acc 83.25% | Val Loss 0.4983  Acc 83.98% | Time 38.5s
[efficientnet_b0_linear_probe] Epoch  18/30 | Train Loss 0.5507  Acc 83.72% | Val Loss 0.4762  Acc 85.21% | Time 39.6s
[efficientnet_b0_linear_probe] Epoch  19/30 | Train Loss 0.5312  Acc 83.91% | Val Loss 0.4650  Acc 85.43% | Time 39.6s
[efficientnet_b0_linear_probe] Epoch  20/30 | Train Loss 0.5423  Acc 83.20% | Val Loss 0.4529  Acc 85.14% | Time 39.6s
[efficientnet_b0_linear_probe] Epoch  21/30 | Train Loss 0.5347  Acc 83.70% | Val Loss 0.4730  Acc 84.85% | Time 39.5s
[efficientnet_b0_linear_probe] Epoch  22/30 | Train Loss 0.5359  Acc 84.36% | Val Loss 0.4516  Acc 85.21% | Time 39.8s
[efficientnet_b0_linear_probe] Epoch  23/30 | Train Loss 0.5524  Acc 83.54% | Val Loss 0.4688  Acc 85.21% | Time 40.0s
[efficientnet_b0_linear_probe] Epoch  24/30 | Train Loss 0.5199  Acc 84.29% | Val Loss 0.4609  Acc 85.14% | Time 39.6s
[efficientnet_b0_linear_probe] Epoch  25/30 | Train Loss 0.5125  Acc 85.23% | Val Loss 0.4674  Acc 85.64% | Time 38.8s
[efficientnet_b0_linear_probe] Epoch  26/30 | Train Loss 0.5194  Acc 84.20% | Val Loss 0.4637  Acc 85.35% | Time 38.4s
[efficientnet_b0_linear_probe] Epoch  27/30 | Train Loss 0.5226  Acc 84.00% | Val Loss 0.4851  Acc 84.99% | Time 39.3s
[efficientnet_b0_linear_probe] Epoch  28/30 | Train Loss 0.5029  Acc 84.97% | Val Loss 0.4410  Acc 85.43% | Time 39.2s
[efficientnet_b0_linear_probe] Epoch  29/30 | Train Loss 0.5004  Acc 84.63% | Val Loss 0.4820  Acc 85.14% | Time 40.0s
[efficientnet_b0_linear_probe] Epoch  30/30 | Train Loss 0.5239  Acc 84.23% | Val Loss 0.4559  Acc 85.64% | Time 39.3s
  [plot] saved → results/4.2_finetune/efficientnet_b0/linear_probe/acc_loss.png

── EFFICIENTNET_B0 | last_block ──────────────────
  [timm] loaded 'efficientnet_b0' | head_attr='classifier'
  [build_model] efficientnet_b0 | strategy=last_block | trainable=755,662 / 4,045,978 params
   Unfrozen parameters: 18.7%
[efficientnet_b0_last_block] Epoch   1/30 | Train Loss 2.9037  Acc 23.97% | Val Loss 1.7259  Acc 51.88% | Time 40.0s
[efficientnet_b0_last_block] Epoch   2/30 | Train Loss 1.5373  Acc 56.61% | Val Loss 1.0590  Acc 69.84% | Time 39.7s
[efficientnet_b0_last_block] Epoch   3/30 | Train Loss 1.1182  Acc 68.47% | Val Loss 0.7874  Acc 77.63% | Time 39.5s
[efficientnet_b0_last_block] Epoch   4/30 | Train Loss 0.8796  Acc 75.03% | Val Loss 0.6238  Acc 82.03% | Time 39.6s
[efficientnet_b0_last_block] Epoch   5/30 | Train Loss 0.7387  Acc 79.04% | Val Loss 0.5275  Acc 84.27% | Time 40.1s
[efficientnet_b0_last_block] Epoch   6/30 | Train Loss 0.6602  Acc 80.68% | Val Loss 0.4902  Acc 85.21% | Time 39.6s
[efficientnet_b0_last_block] Epoch   7/30 | Train Loss 0.6154  Acc 82.40% | Val Loss 0.4269  Acc 87.52% | Time 39.7s
[efficientnet_b0_last_block] Epoch   8/30 | Train Loss 0.5710  Acc 83.06% | Val Loss 0.4009  Acc 87.73% | Time 40.0s
[efficientnet_b0_last_block] Epoch   9/30 | Train Loss 0.5150  Acc 85.18% | Val Loss 0.3660  Acc 88.96% | Time 40.3s
[efficientnet_b0_last_block] Epoch  10/30 | Train Loss 0.4818  Acc 85.91% | Val Loss 0.3658  Acc 88.96% | Time 40.4s
[efficientnet_b0_last_block] Epoch  11/30 | Train Loss 0.4725  Acc 85.79% | Val Loss 0.3436  Acc 88.96% | Time 39.2s
[efficientnet_b0_last_block] Epoch  12/30 | Train Loss 0.4507  Acc 86.96% | Val Loss 0.3243  Acc 89.54% | Time 40.1s
[efficientnet_b0_last_block] Epoch  13/30 | Train Loss 0.4362  Acc 87.05% | Val Loss 0.3110  Acc 89.90% | Time 39.0s
[efficientnet_b0_last_block] Epoch  14/30 | Train Loss 0.4052  Acc 88.46% | Val Loss 0.3114  Acc 90.19% | Time 40.2s
[efficientnet_b0_last_block] Epoch  15/30 | Train Loss 0.3890  Acc 88.53% | Val Loss 0.2900  Acc 91.05% | Time 39.4s
[efficientnet_b0_last_block] Epoch  16/30 | Train Loss 0.4158  Acc 87.77% | Val Loss 0.2926  Acc 90.84% | Time 39.9s
[efficientnet_b0_last_block] Epoch  17/30 | Train Loss 0.3742  Acc 88.66% | Val Loss 0.3003  Acc 90.48% | Time 39.1s
[efficientnet_b0_last_block] Epoch  18/30 | Train Loss 0.3654  Acc 88.82% | Val Loss 0.2887  Acc 90.69% | Time 38.5s
[efficientnet_b0_last_block] Epoch  19/30 | Train Loss 0.3754  Acc 89.35% | Val Loss 0.2884  Acc 91.20% | Time 39.6s
[efficientnet_b0_last_block] Epoch  20/30 | Train Loss 0.3458  Acc 89.82% | Val Loss 0.2809  Acc 91.70% | Time 39.2s
[efficientnet_b0_last_block] Epoch  21/30 | Train Loss 0.3537  Acc 89.53% | Val Loss 0.2783  Acc 91.20% | Time 40.1s
[efficientnet_b0_last_block] Epoch  22/30 | Train Loss 0.3547  Acc 89.30% | Val Loss 0.2745  Acc 91.27% | Time 39.9s
[efficientnet_b0_last_block] Epoch  23/30 | Train Loss 0.3240  Acc 90.40% | Val Loss 0.2698  Acc 91.49% | Time 39.7s
[efficientnet_b0_last_block] Epoch  24/30 | Train Loss 0.3421  Acc 89.55% | Val Loss 0.2913  Acc 90.33% | Time 39.3s
[efficientnet_b0_last_block] Epoch  25/30 | Train Loss 0.3277  Acc 90.65% | Val Loss 0.2906  Acc 91.20% | Time 39.2s
[efficientnet_b0_last_block] Epoch  26/30 | Train Loss 0.3385  Acc 89.37% | Val Loss 0.2820  Acc 91.34% | Time 39.5s
[efficientnet_b0_last_block] Epoch  27/30 | Train Loss 0.3394  Acc 90.30% | Val Loss 0.2705  Acc 91.41% | Time 39.5s
[efficientnet_b0_last_block] Epoch  28/30 | Train Loss 0.3507  Acc 89.55% | Val Loss 0.2874  Acc 90.84% | Time 39.5s
[efficientnet_b0_last_block] Epoch  29/30 | Train Loss 0.3336  Acc 90.10% | Val Loss 0.2812  Acc 90.91% | Time 38.8s
[efficientnet_b0_last_block] Epoch  30/30 | Train Loss 0.3285  Acc 89.98% | Val Loss 0.2783  Acc 91.05% | Time 38.7s
  [plot] saved → results/4.2_finetune/efficientnet_b0/last_block/acc_loss.png

── EFFICIENTNET_B0 | full_finetune ──────────────────
  [timm] loaded 'efficientnet_b0' | head_attr='classifier'
  [build_model] efficientnet_b0 | strategy=full_finetune | trainable=4,045,978 / 4,045,978 params
   Unfrozen parameters: 100.0%
[efficientnet_b0_full_finetune] Epoch   1/30 | Train Loss 1.8664  Acc 49.46% | Val Loss 0.5980  Acc 82.76% | Time 39.2s
[efficientnet_b0_full_finetune] Epoch   2/30 | Train Loss 0.6412  Acc 81.26% | Val Loss 0.3412  Acc 89.39% | Time 39.9s
[efficientnet_b0_full_finetune] Epoch   3/30 | Train Loss 0.4408  Acc 86.91% | Val Loss 0.2487  Acc 92.71% | Time 40.7s
[efficientnet_b0_full_finetune] Epoch   4/30 | Train Loss 0.3499  Acc 89.69% | Val Loss 0.2305  Acc 92.64% | Time 40.2s
[efficientnet_b0_full_finetune] Epoch   5/30 | Train Loss 0.3064  Acc 90.83% | Val Loss 0.2101  Acc 93.29% | Time 40.0s
[efficientnet_b0_full_finetune] Epoch   6/30 | Train Loss 0.2664  Acc 92.12% | Val Loss 0.1914  Acc 94.08% | Time 40.4s
[efficientnet_b0_full_finetune] Epoch   7/30 | Train Loss 0.2461  Acc 93.04% | Val Loss 0.1800  Acc 94.01% | Time 39.6s
[efficientnet_b0_full_finetune] Epoch   8/30 | Train Loss 0.1978  Acc 94.10% | Val Loss 0.1739  Acc 94.73% | Time 39.2s
[efficientnet_b0_full_finetune] Epoch   9/30 | Train Loss 0.1878  Acc 94.61% | Val Loss 0.1888  Acc 94.52% | Time 39.8s
[efficientnet_b0_full_finetune] Epoch  10/30 | Train Loss 0.1818  Acc 94.58% | Val Loss 0.1650  Acc 94.73% | Time 40.4s
[efficientnet_b0_full_finetune] Epoch  11/30 | Train Loss 0.1558  Acc 95.33% | Val Loss 0.1689  Acc 94.66% | Time 40.8s
[efficientnet_b0_full_finetune] Epoch  12/30 | Train Loss 0.1579  Acc 95.67% | Val Loss 0.1583  Acc 95.67% | Time 40.7s
[efficientnet_b0_full_finetune] Epoch  13/30 | Train Loss 0.1499  Acc 95.77% | Val Loss 0.1562  Acc 95.17% | Time 40.6s
[efficientnet_b0_full_finetune] Epoch  14/30 | Train Loss 0.1400  Acc 96.02% | Val Loss 0.1587  Acc 94.88% | Time 40.8s
[efficientnet_b0_full_finetune] Epoch  15/30 | Train Loss 0.1206  Acc 96.45% | Val Loss 0.1515  Acc 95.60% | Time 41.0s
[efficientnet_b0_full_finetune] Epoch  16/30 | Train Loss 0.1195  Acc 96.43% | Val Loss 0.1522  Acc 95.60% | Time 41.0s
[efficientnet_b0_full_finetune] Epoch  17/30 | Train Loss 0.1007  Acc 96.84% | Val Loss 0.1585  Acc 94.73% | Time 40.6s
[efficientnet_b0_full_finetune] Epoch  18/30 | Train Loss 0.1171  Acc 96.74% | Val Loss 0.1452  Acc 95.74% | Time 40.5s
[efficientnet_b0_full_finetune] Epoch  19/30 | Train Loss 0.1061  Acc 96.95% | Val Loss 0.1444  Acc 95.53% | Time 39.9s
[efficientnet_b0_full_finetune] Epoch  20/30 | Train Loss 0.1128  Acc 96.65% | Val Loss 0.1445  Acc 95.67% | Time 40.5s
[efficientnet_b0_full_finetune] Epoch  21/30 | Train Loss 0.0834  Acc 97.59% | Val Loss 0.1437  Acc 95.45% | Time 39.9s
[efficientnet_b0_full_finetune] Epoch  22/30 | Train Loss 0.1048  Acc 96.84% | Val Loss 0.1476  Acc 95.45% | Time 40.0s
[efficientnet_b0_full_finetune] Epoch  23/30 | Train Loss 0.1052  Acc 97.00% | Val Loss 0.1522  Acc 95.38% | Time 40.0s
[efficientnet_b0_full_finetune] Epoch  24/30 | Train Loss 0.1007  Acc 96.99% | Val Loss 0.1440  Acc 95.82% | Time 39.7s
[efficientnet_b0_full_finetune] Epoch  25/30 | Train Loss 0.1049  Acc 97.16% | Val Loss 0.1403  Acc 95.67% | Time 40.8s
[efficientnet_b0_full_finetune] Epoch  26/30 | Train Loss 0.0972  Acc 97.25% | Val Loss 0.1423  Acc 96.18% | Time 40.7s
[efficientnet_b0_full_finetune] Epoch  27/30 | Train Loss 0.0805  Acc 97.65% | Val Loss 0.1517  Acc 95.53% | Time 40.4s
[efficientnet_b0_full_finetune] Epoch  28/30 | Train Loss 0.0910  Acc 97.47% | Val Loss 0.1468  Acc 96.03% | Time 39.3s
[efficientnet_b0_full_finetune] Epoch  29/30 | Train Loss 0.0952  Acc 97.40% | Val Loss 0.1370  Acc 95.53% | Time 40.4s
[efficientnet_b0_full_finetune] Epoch  30/30 | Train Loss 0.0848  Acc 97.50% | Val Loss 0.1500  Acc 95.60% | Time 38.9s
  [plot] saved → results/4.2_finetune/efficientnet_b0/full_finetune/acc_loss.png
  [plot] saved → results/4.2_finetune/efficientnet_b0/full_finetune/grad_norms.png

── EFFICIENTNET_B0 | selective_20pct ──────────────────
  [timm] loaded 'efficientnet_b0' | head_attr='classifier'
  [selective] unfrozen 837,888 / 4,007,548 backbone params (20.9%)
  [build_model] efficientnet_b0 | strategy=selective_20pct | trainable=876,318 / 4,045,978 params
   Unfrozen parameters: 21.7%
[efficientnet_b0_selective_20pct] Epoch   1/30 | Train Loss 2.4710  Acc 34.85% | Val Loss 1.2306  Acc 66.59% | Time 40.3s
[efficientnet_b0_selective_20pct] Epoch   2/30 | Train Loss 1.2184  Acc 65.81% | Val Loss 0.7843  Acc 77.85% | Time 39.9s
[efficientnet_b0_selective_20pct] Epoch   3/30 | Train Loss 0.8948  Acc 73.98% | Val Loss 0.6184  Acc 81.89% | Time 40.2s
[efficientnet_b0_selective_20pct] Epoch   4/30 | Train Loss 0.7704  Acc 77.88% | Val Loss 0.5254  Acc 84.42% | Time 40.0s
[efficientnet_b0_selective_20pct] Epoch   5/30 | Train Loss 0.6447  Acc 81.34% | Val Loss 0.4803  Acc 85.93% | Time 40.2s
[efficientnet_b0_selective_20pct] Epoch   6/30 | Train Loss 0.5868  Acc 82.66% | Val Loss 0.4383  Acc 87.09% | Time 38.8s
[efficientnet_b0_selective_20pct] Epoch   7/30 | Train Loss 0.5562  Acc 83.16% | Val Loss 0.4125  Acc 87.16% | Time 40.5s
[efficientnet_b0_selective_20pct] Epoch   8/30 | Train Loss 0.4964  Acc 84.89% | Val Loss 0.3988  Acc 87.73% | Time 39.4s
[efficientnet_b0_selective_20pct] Epoch   9/30 | Train Loss 0.4794  Acc 86.34% | Val Loss 0.3876  Acc 88.31% | Time 40.5s
[efficientnet_b0_selective_20pct] Epoch  10/30 | Train Loss 0.4495  Acc 86.68% | Val Loss 0.3519  Acc 89.54% | Time 39.7s
[efficientnet_b0_selective_20pct] Epoch  11/30 | Train Loss 0.4502  Acc 86.57% | Val Loss 0.3372  Acc 90.33% | Time 39.6s
[efficientnet_b0_selective_20pct] Epoch  12/30 | Train Loss 0.4259  Acc 87.34% | Val Loss 0.3469  Acc 89.32% | Time 40.1s
[efficientnet_b0_selective_20pct] Epoch  13/30 | Train Loss 0.4045  Acc 88.48% | Val Loss 0.3352  Acc 89.32% | Time 40.1s
[efficientnet_b0_selective_20pct] Epoch  14/30 | Train Loss 0.4078  Acc 88.07% | Val Loss 0.3222  Acc 90.12% | Time 40.5s
[efficientnet_b0_selective_20pct] Epoch  15/30 | Train Loss 0.3738  Acc 89.17% | Val Loss 0.3222  Acc 90.12% | Time 40.1s
[efficientnet_b0_selective_20pct] Epoch  16/30 | Train Loss 0.3660  Acc 88.92% | Val Loss 0.3156  Acc 90.33% | Time 40.5s
[efficientnet_b0_selective_20pct] Epoch  17/30 | Train Loss 0.3662  Acc 89.03% | Val Loss 0.3116  Acc 90.55% | Time 39.6s
[efficientnet_b0_selective_20pct] Epoch  18/30 | Train Loss 0.3339  Acc 89.89% | Val Loss 0.2956  Acc 90.98% | Time 39.9s
[efficientnet_b0_selective_20pct] Epoch  19/30 | Train Loss 0.3500  Acc 89.82% | Val Loss 0.2864  Acc 91.41% | Time 40.5s
[efficientnet_b0_selective_20pct] Epoch  20/30 | Train Loss 0.3397  Acc 90.35% | Val Loss 0.3047  Acc 90.84% | Time 40.2s
[efficientnet_b0_selective_20pct] Epoch  21/30 | Train Loss 0.3479  Acc 89.53% | Val Loss 0.2938  Acc 90.69% | Time 39.9s
[efficientnet_b0_selective_20pct] Epoch  22/30 | Train Loss 0.3208  Acc 90.39% | Val Loss 0.3032  Acc 90.84% | Time 39.5s
[efficientnet_b0_selective_20pct] Epoch  23/30 | Train Loss 0.3406  Acc 90.10% | Val Loss 0.3077  Acc 90.48% | Time 39.4s
[efficientnet_b0_selective_20pct] Epoch  24/30 | Train Loss 0.3346  Acc 90.28% | Val Loss 0.2912  Acc 91.13% | Time 39.2s
[efficientnet_b0_selective_20pct] Epoch  25/30 | Train Loss 0.3282  Acc 90.32% | Val Loss 0.3081  Acc 90.40% | Time 39.5s
[efficientnet_b0_selective_20pct] Epoch  26/30 | Train Loss 0.3194  Acc 90.85% | Val Loss 0.3110  Acc 90.40% | Time 39.9s
[efficientnet_b0_selective_20pct] Epoch  27/30 | Train Loss 0.3389  Acc 89.98% | Val Loss 0.2893  Acc 90.76% | Time 40.0s
[efficientnet_b0_selective_20pct] Epoch  28/30 | Train Loss 0.3124  Acc 90.74% | Val Loss 0.2999  Acc 91.20% | Time 39.9s
[efficientnet_b0_selective_20pct] Epoch  29/30 | Train Loss 0.2933  Acc 91.47% | Val Loss 0.2699  Acc 92.28% | Time 40.0s
[efficientnet_b0_selective_20pct] Epoch  30/30 | Train Loss 0.3269  Acc 90.55% | Val Loss 0.2824  Acc 91.56% | Time 40.5s
  [plot] saved → results/4.2_finetune/efficientnet_b0/selective_20pct/acc_loss.png
  [plot] saved → results/4.2_finetune/efficientnet_b0/strategy_comparison.png

── DENSENET121 | linear_probe ──────────────────
Warning: You are sending unauthenticated requests to the HF Hub. Please set a HF_TOKEN to enable higher rate limits and faster downloads.
  [timm] loaded 'densenet121' | head_attr='classifier'
  [build_model] densenet121 | strategy=linear_probe | trainable=30,750 / 6,984,606 params
   Unfrozen parameters: 0.4%
[densenet121_linear_probe] Epoch   1/30 | Train Loss 1.6629  Acc 58.21% | Val Loss 0.8756  Acc 79.80% | Time 41.0s
[densenet121_linear_probe] Epoch   2/30 | Train Loss 0.8615  Acc 77.15% | Val Loss 0.6438  Acc 82.61% | Time 40.1s
[densenet121_linear_probe] Epoch   3/30 | Train Loss 0.6995  Acc 80.77% | Val Loss 0.5311  Acc 85.50% | Time 41.1s
[densenet121_linear_probe] Epoch   4/30 | Train Loss 0.6123  Acc 82.66% | Val Loss 0.4478  Acc 87.88% | Time 41.2s
[densenet121_linear_probe] Epoch   5/30 | Train Loss 0.5685  Acc 84.20% | Val Loss 0.4469  Acc 86.80% | Time 40.9s
[densenet121_linear_probe] Epoch   6/30 | Train Loss 0.5347  Acc 84.31% | Val Loss 0.4033  Acc 88.02% | Time 40.5s
[densenet121_linear_probe] Epoch   7/30 | Train Loss 0.4883  Acc 85.91% | Val Loss 0.3822  Acc 89.03% | Time 41.3s
[densenet121_linear_probe] Epoch   8/30 | Train Loss 0.4645  Acc 86.20% | Val Loss 0.3704  Acc 88.82% | Time 40.2s
[densenet121_linear_probe] Epoch   9/30 | Train Loss 0.4664  Acc 86.37% | Val Loss 0.3584  Acc 89.11% | Time 41.0s
[densenet121_linear_probe] Epoch  10/30 | Train Loss 0.4518  Acc 86.80% | Val Loss 0.3785  Acc 88.24% | Time 40.9s
[densenet121_linear_probe] Epoch  11/30 | Train Loss 0.4245  Acc 87.84% | Val Loss 0.3340  Acc 90.19% | Time 41.4s
[densenet121_linear_probe] Epoch  12/30 | Train Loss 0.4231  Acc 87.85% | Val Loss 0.3268  Acc 90.62% | Time 40.7s
[densenet121_linear_probe] Epoch  13/30 | Train Loss 0.3899  Acc 88.55% | Val Loss 0.3228  Acc 90.26% | Time 40.4s
[densenet121_linear_probe] Epoch  14/30 | Train Loss 0.3938  Acc 88.21% | Val Loss 0.3192  Acc 90.84% | Time 40.3s
[densenet121_linear_probe] Epoch  15/30 | Train Loss 0.3764  Acc 88.55% | Val Loss 0.3107  Acc 91.41% | Time 39.9s
[densenet121_linear_probe] Epoch  16/30 | Train Loss 0.3941  Acc 88.10% | Val Loss 0.3156  Acc 90.84% | Time 40.6s
[densenet121_linear_probe] Epoch  17/30 | Train Loss 0.3756  Acc 88.44% | Val Loss 0.2992  Acc 91.56% | Time 40.7s
[densenet121_linear_probe] Epoch  18/30 | Train Loss 0.3577  Acc 89.83% | Val Loss 0.2898  Acc 91.49% | Time 40.9s
[densenet121_linear_probe] Epoch  19/30 | Train Loss 0.3600  Acc 89.39% | Val Loss 0.3044  Acc 90.91% | Time 41.0s
[densenet121_linear_probe] Epoch  20/30 | Train Loss 0.3410  Acc 89.76% | Val Loss 0.3160  Acc 90.26% | Time 41.3s
[densenet121_linear_probe] Epoch  21/30 | Train Loss 0.3452  Acc 89.99% | Val Loss 0.2961  Acc 91.13% | Time 40.8s
[densenet121_linear_probe] Epoch  22/30 | Train Loss 0.3684  Acc 89.19% | Val Loss 0.2985  Acc 91.13% | Time 40.9s
[densenet121_linear_probe] Epoch  23/30 | Train Loss 0.3421  Acc 89.78% | Val Loss 0.2998  Acc 90.84% | Time 41.0s
[densenet121_linear_probe] Epoch  24/30 | Train Loss 0.3521  Acc 89.37% | Val Loss 0.3025  Acc 91.05% | Time 40.3s
[densenet121_linear_probe] Epoch  25/30 | Train Loss 0.3421  Acc 89.80% | Val Loss 0.3003  Acc 90.84% | Time 40.8s
[densenet121_linear_probe] Epoch  26/30 | Train Loss 0.3382  Acc 90.21% | Val Loss 0.3042  Acc 90.84% | Time 41.4s
[densenet121_linear_probe] Epoch  27/30 | Train Loss 0.3564  Acc 89.35% | Val Loss 0.2911  Acc 91.41% | Time 40.0s
[densenet121_linear_probe] Epoch  28/30 | Train Loss 0.3448  Acc 90.21% | Val Loss 0.2905  Acc 91.70% | Time 40.5s
[densenet121_linear_probe] Epoch  29/30 | Train Loss 0.3271  Acc 90.33% | Val Loss 0.2910  Acc 91.20% | Time 41.4s
[densenet121_linear_probe] Epoch  30/30 | Train Loss 0.3538  Acc 89.62% | Val Loss 0.2962  Acc 90.98% | Time 40.7s
  [plot] saved → results/4.2_finetune/densenet121/linear_probe/acc_loss.png

── DENSENET121 | last_block ──────────────────
  [timm] loaded 'densenet121' | head_attr='classifier'
  [build_model] densenet121 | strategy=last_block | trainable=2,188,830 / 6,984,606 params
   Unfrozen parameters: 31.3%
[densenet121_last_block] Epoch   1/30 | Train Loss 2.5336  Acc 39.13% | Val Loss 1.5282  Acc 68.76% | Time 39.7s
[densenet121_last_block] Epoch   2/30 | Train Loss 1.3860  Acc 68.74% | Val Loss 0.8504  Acc 82.47% | Time 38.9s
[densenet121_last_block] Epoch   3/30 | Train Loss 0.9704  Acc 76.42% | Val Loss 0.6086  Acc 85.64% | Time 40.1s
[densenet121_last_block] Epoch   4/30 | Train Loss 0.7653  Acc 80.27% | Val Loss 0.4672  Acc 87.37% | Time 40.3s
[densenet121_last_block] Epoch   5/30 | Train Loss 0.6485  Acc 82.31% | Val Loss 0.3793  Acc 90.40% | Time 40.0s
[densenet121_last_block] Epoch   6/30 | Train Loss 0.5731  Acc 84.54% | Val Loss 0.3358  Acc 91.34% | Time 39.9s
[densenet121_last_block] Epoch   7/30 | Train Loss 0.5120  Acc 85.96% | Val Loss 0.3049  Acc 91.77% | Time 40.4s
[densenet121_last_block] Epoch   8/30 | Train Loss 0.4703  Acc 86.89% | Val Loss 0.2936  Acc 91.85% | Time 40.5s
[densenet121_last_block] Epoch   9/30 | Train Loss 0.4465  Acc 87.64% | Val Loss 0.2766  Acc 92.42% | Time 40.5s
[densenet121_last_block] Epoch  10/30 | Train Loss 0.4172  Acc 88.51% | Val Loss 0.2483  Acc 93.51% | Time 40.2s
[densenet121_last_block] Epoch  11/30 | Train Loss 0.3760  Acc 89.69% | Val Loss 0.2576  Acc 92.71% | Time 40.4s
[densenet121_last_block] Epoch  12/30 | Train Loss 0.3662  Acc 89.78% | Val Loss 0.2570  Acc 92.71% | Time 40.2s
[densenet121_last_block] Epoch  13/30 | Train Loss 0.3902  Acc 89.16% | Val Loss 0.2544  Acc 93.00% | Time 40.4s
[densenet121_last_block] Epoch  14/30 | Train Loss 0.3525  Acc 90.10% | Val Loss 0.2460  Acc 93.07% | Time 40.7s
[densenet121_last_block] Epoch  15/30 | Train Loss 0.3356  Acc 90.35% | Val Loss 0.2444  Acc 93.00% | Time 39.7s
[densenet121_last_block] Epoch  16/30 | Train Loss 0.3180  Acc 91.12% | Val Loss 0.2189  Acc 94.01% | Time 40.6s
[densenet121_last_block] Epoch  17/30 | Train Loss 0.3144  Acc 91.14% | Val Loss 0.2460  Acc 92.86% | Time 40.4s
[densenet121_last_block] Epoch  18/30 | Train Loss 0.3132  Acc 91.30% | Val Loss 0.2484  Acc 93.15% | Time 40.7s
[densenet121_last_block] Epoch  19/30 | Train Loss 0.3087  Acc 91.39% | Val Loss 0.2168  Acc 93.72% | Time 40.2s
[densenet121_last_block] Epoch  20/30 | Train Loss 0.2869  Acc 91.99% | Val Loss 0.2364  Acc 93.51% | Time 40.2s
[densenet121_last_block] Epoch  21/30 | Train Loss 0.2774  Acc 92.22% | Val Loss 0.2272  Acc 93.43% | Time 40.0s
[densenet121_last_block] Epoch  22/30 | Train Loss 0.2831  Acc 92.28% | Val Loss 0.2159  Acc 94.08% | Time 40.4s
[densenet121_last_block] Epoch  23/30 | Train Loss 0.2785  Acc 92.12% | Val Loss 0.2207  Acc 94.08% | Time 40.2s
[densenet121_last_block] Epoch  24/30 | Train Loss 0.2735  Acc 92.71% | Val Loss 0.2258  Acc 93.72% | Time 40.4s
[densenet121_last_block] Epoch  25/30 | Train Loss 0.2783  Acc 92.96% | Val Loss 0.2212  Acc 93.72% | Time 39.9s
[densenet121_last_block] Epoch  26/30 | Train Loss 0.2752  Acc 92.31% | Val Loss 0.2158  Acc 93.72% | Time 40.4s
[densenet121_last_block] Epoch  27/30 | Train Loss 0.2758  Acc 92.42% | Val Loss 0.2269  Acc 93.36% | Time 40.4s
[densenet121_last_block] Epoch  28/30 | Train Loss 0.2640  Acc 92.96% | Val Loss 0.2138  Acc 93.94% | Time 40.7s
[densenet121_last_block] Epoch  29/30 | Train Loss 0.2644  Acc 92.63% | Val Loss 0.2236  Acc 93.65% | Time 39.9s
[densenet121_last_block] Epoch  30/30 | Train Loss 0.2740  Acc 92.51% | Val Loss 0.2367  Acc 93.43% | Time 40.0s
  [plot] saved → results/4.2_finetune/densenet121/last_block/acc_loss.png

── DENSENET121 | full_finetune ──────────────────
  [timm] loaded 'densenet121' | head_attr='classifier'
  [build_model] densenet121 | strategy=full_finetune | trainable=6,984,606 / 6,984,606 params
   Unfrozen parameters: 100.0%
[densenet121_full_finetune] Epoch   1/30 | Train Loss 2.1253  Acc 49.58% | Val Loss 0.8396  Acc 81.67% | Time 48.2s
[densenet121_full_finetune] Epoch   2/30 | Train Loss 0.8476  Acc 79.74% | Val Loss 0.3622  Acc 90.91% | Time 48.3s
[densenet121_full_finetune] Epoch   3/30 | Train Loss 0.5607  Acc 85.52% | Val Loss 0.2685  Acc 93.15% | Time 47.6s
[densenet121_full_finetune] Epoch   4/30 | Train Loss 0.4510  Acc 87.52% | Val Loss 0.2108  Acc 94.08% | Time 48.3s
[densenet121_full_finetune] Epoch   5/30 | Train Loss 0.3703  Acc 89.92% | Val Loss 0.2057  Acc 93.94% | Time 48.6s
[densenet121_full_finetune] Epoch   6/30 | Train Loss 0.3148  Acc 91.24% | Val Loss 0.2041  Acc 93.80% | Time 48.0s
[densenet121_full_finetune] Epoch   7/30 | Train Loss 0.3042  Acc 91.67% | Val Loss 0.1865  Acc 94.52% | Time 48.4s
[densenet121_full_finetune] Epoch   8/30 | Train Loss 0.2716  Acc 92.58% | Val Loss 0.1861  Acc 95.09% | Time 48.1s
[densenet121_full_finetune] Epoch   9/30 | Train Loss 0.2255  Acc 93.54% | Val Loss 0.1782  Acc 94.81% | Time 48.0s
[densenet121_full_finetune] Epoch  10/30 | Train Loss 0.2115  Acc 94.26% | Val Loss 0.1898  Acc 94.37% | Time 48.4s
[densenet121_full_finetune] Epoch  11/30 | Train Loss 0.1868  Acc 94.99% | Val Loss 0.1722  Acc 95.17% | Time 48.2s
[densenet121_full_finetune] Epoch  12/30 | Train Loss 0.2070  Acc 94.28% | Val Loss 0.1663  Acc 95.53% | Time 48.7s
[densenet121_full_finetune] Epoch  13/30 | Train Loss 0.1859  Acc 94.74% | Val Loss 0.1561  Acc 95.53% | Time 48.2s
[densenet121_full_finetune] Epoch  14/30 | Train Loss 0.1747  Acc 95.08% | Val Loss 0.1478  Acc 95.53% | Time 48.5s
[densenet121_full_finetune] Epoch  15/30 | Train Loss 0.1734  Acc 95.47% | Val Loss 0.1524  Acc 95.09% | Time 48.3s
[densenet121_full_finetune] Epoch  16/30 | Train Loss 0.1586  Acc 95.52% | Val Loss 0.1258  Acc 96.03% | Time 48.1s
[densenet121_full_finetune] Epoch  17/30 | Train Loss 0.1354  Acc 96.29% | Val Loss 0.1348  Acc 96.10% | Time 47.9s
[densenet121_full_finetune] Epoch  18/30 | Train Loss 0.1397  Acc 96.31% | Val Loss 0.1455  Acc 95.60% | Time 48.0s
[densenet121_full_finetune] Epoch  19/30 | Train Loss 0.1239  Acc 96.56% | Val Loss 0.1410  Acc 95.89% | Time 47.9s
[densenet121_full_finetune] Epoch  20/30 | Train Loss 0.1266  Acc 96.65% | Val Loss 0.1409  Acc 96.10% | Time 47.5s
[densenet121_full_finetune] Epoch  21/30 | Train Loss 0.1201  Acc 96.95% | Val Loss 0.1389  Acc 96.18% | Time 48.0s
[densenet121_full_finetune] Epoch  22/30 | Train Loss 0.1108  Acc 97.06% | Val Loss 0.1439  Acc 95.82% | Time 48.1s
[densenet121_full_finetune] Epoch  23/30 | Train Loss 0.1152  Acc 96.95% | Val Loss 0.1420  Acc 96.03% | Time 48.4s
[densenet121_full_finetune] Epoch  24/30 | Train Loss 0.1192  Acc 96.90% | Val Loss 0.1405  Acc 96.18% | Time 48.1s
[densenet121_full_finetune] Epoch  25/30 | Train Loss 0.1123  Acc 96.91% | Val Loss 0.1399  Acc 96.32% | Time 48.5s
[densenet121_full_finetune] Epoch  26/30 | Train Loss 0.1027  Acc 97.22% | Val Loss 0.1375  Acc 96.10% | Time 48.8s
[densenet121_full_finetune] Epoch  27/30 | Train Loss 0.1140  Acc 96.74% | Val Loss 0.1414  Acc 96.39% | Time 48.7s
[densenet121_full_finetune] Epoch  28/30 | Train Loss 0.1069  Acc 97.04% | Val Loss 0.1460  Acc 95.96% | Time 47.7s
[densenet121_full_finetune] Epoch  29/30 | Train Loss 0.1125  Acc 96.86% | Val Loss 0.1388  Acc 96.32% | Time 48.1s
[densenet121_full_finetune] Epoch  30/30 | Train Loss 0.1081  Acc 97.00% | Val Loss 0.1448  Acc 96.10% | Time 48.0s
  [plot] saved → results/4.2_finetune/densenet121/full_finetune/acc_loss.png
  [plot] saved → results/4.2_finetune/densenet121/full_finetune/grad_norms.png

── DENSENET121 | selective_20pct ──────────────────
  [timm] loaded 'densenet121' | head_attr='classifier'
  [selective] unfrozen 1,474,240 / 6,953,856 backbone params (21.2%)
  [build_model] densenet121 | strategy=selective_20pct | trainable=1,504,990 / 6,984,606 params
   Unfrozen parameters: 21.6%
[densenet121_selective_20pct] Epoch   1/30 | Train Loss 2.6647  Acc 35.12% | Val Loss 1.8836  Acc 63.20% | Time 40.3s
[densenet121_selective_20pct] Epoch   2/30 | Train Loss 1.6357  Acc 65.81% | Val Loss 1.1287  Acc 77.13% | Time 40.4s
[densenet121_selective_20pct] Epoch   3/30 | Train Loss 1.1832  Acc 73.39% | Val Loss 0.8262  Acc 81.10% | Time 40.3s
[densenet121_selective_20pct] Epoch   4/30 | Train Loss 0.9383  Acc 77.51% | Val Loss 0.6244  Acc 84.34% | Time 40.9s
[densenet121_selective_20pct] Epoch   5/30 | Train Loss 0.8173  Acc 79.70% | Val Loss 0.5284  Acc 87.45% | Time 41.1s
[densenet121_selective_20pct] Epoch   6/30 | Train Loss 0.6911  Acc 82.49% | Val Loss 0.4433  Acc 89.32% | Time 40.4s
[densenet121_selective_20pct] Epoch   7/30 | Train Loss 0.6370  Acc 83.47% | Val Loss 0.4022  Acc 89.39% | Time 40.4s
[densenet121_selective_20pct] Epoch   8/30 | Train Loss 0.5719  Acc 85.09% | Val Loss 0.3881  Acc 89.25% | Time 41.0s
[densenet121_selective_20pct] Epoch   9/30 | Train Loss 0.5420  Acc 85.55% | Val Loss 0.3402  Acc 90.84% | Time 41.1s
[densenet121_selective_20pct] Epoch  10/30 | Train Loss 0.4847  Acc 87.21% | Val Loss 0.3260  Acc 91.63% | Time 41.1s
[densenet121_selective_20pct] Epoch  11/30 | Train Loss 0.4752  Acc 87.18% | Val Loss 0.3166  Acc 91.27% | Time 40.4s
[densenet121_selective_20pct] Epoch  12/30 | Train Loss 0.4424  Acc 88.28% | Val Loss 0.2896  Acc 92.06% | Time 40.9s
[densenet121_selective_20pct] Epoch  13/30 | Train Loss 0.4403  Acc 87.98% | Val Loss 0.2807  Acc 92.35% | Time 40.4s
[densenet121_selective_20pct] Epoch  14/30 | Train Loss 0.4117  Acc 88.44% | Val Loss 0.2744  Acc 91.56% | Time 40.4s
[densenet121_selective_20pct] Epoch  15/30 | Train Loss 0.3845  Acc 89.57% | Val Loss 0.2608  Acc 92.35% | Time 40.7s
[densenet121_selective_20pct] Epoch  16/30 | Train Loss 0.3769  Acc 89.53% | Val Loss 0.2589  Acc 91.99% | Time 40.8s
[densenet121_selective_20pct] Epoch  17/30 | Train Loss 0.3660  Acc 89.91% | Val Loss 0.2384  Acc 93.07% | Time 40.3s
[densenet121_selective_20pct] Epoch  18/30 | Train Loss 0.3592  Acc 89.91% | Val Loss 0.2302  Acc 93.07% | Time 40.2s
[densenet121_selective_20pct] Epoch  19/30 | Train Loss 0.3377  Acc 91.01% | Val Loss 0.2468  Acc 92.78% | Time 41.0s
[densenet121_selective_20pct] Epoch  20/30 | Train Loss 0.3569  Acc 90.78% | Val Loss 0.2403  Acc 93.36% | Time 40.6s
[densenet121_selective_20pct] Epoch  21/30 | Train Loss 0.3392  Acc 90.80% | Val Loss 0.2385  Acc 92.86% | Time 40.8s
[densenet121_selective_20pct] Epoch  22/30 | Train Loss 0.3410  Acc 91.08% | Val Loss 0.2396  Acc 92.93% | Time 40.5s
[densenet121_selective_20pct] Epoch  23/30 | Train Loss 0.3307  Acc 90.78% | Val Loss 0.2213  Acc 93.65% | Time 40.1s
[densenet121_selective_20pct] Epoch  24/30 | Train Loss 0.3418  Acc 90.94% | Val Loss 0.2391  Acc 93.22% | Time 41.2s
[densenet121_selective_20pct] Epoch  25/30 | Train Loss 0.3369  Acc 90.58% | Val Loss 0.2284  Acc 93.29% | Time 40.2s
[densenet121_selective_20pct] Epoch  26/30 | Train Loss 0.3224  Acc 91.21% | Val Loss 0.2265  Acc 93.51% | Time 41.0s
[densenet121_selective_20pct] Epoch  27/30 | Train Loss 0.3212  Acc 91.21% | Val Loss 0.2365  Acc 93.43% | Time 41.5s
[densenet121_selective_20pct] Epoch  28/30 | Train Loss 0.3417  Acc 90.51% | Val Loss 0.2346  Acc 93.80% | Time 41.0s
[densenet121_selective_20pct] Epoch  29/30 | Train Loss 0.3278  Acc 91.19% | Val Loss 0.2152  Acc 93.72% | Time 40.3s
[densenet121_selective_20pct] Epoch  30/30 | Train Loss 0.3292  Acc 91.44% | Val Loss 0.2340  Acc 93.43% | Time 41.1s
  [plot] saved → results/4.2_finetune/densenet121/selective_20pct/acc_loss.png
  [plot] saved → results/4.2_finetune/densenet121/strategy_comparison.png

── RESNET50 | linear_probe ──────────────────
  [timm] loaded 'resnet50' | head_attr='fc'
  [build_model] resnet50 | strategy=linear_probe | trainable=61,470 / 23,569,502 params
   Unfrozen parameters: 0.3%
[resnet50_linear_probe] Epoch   1/30 | Train Loss 2.6357  Acc 43.78% | Val Loss 2.0402  Acc 66.16% | Time 41.0s
[resnet50_linear_probe] Epoch   2/30 | Train Loss 1.7925  Acc 65.03% | Val Loss 1.5218  Acc 73.09% | Time 39.2s
[resnet50_linear_probe] Epoch   3/30 | Train Loss 1.4114  Acc 70.20% | Val Loss 1.2393  Acc 75.25% | Time 40.3s
[resnet50_linear_probe] Epoch   4/30 | Train Loss 1.2015  Acc 73.57% | Val Loss 1.0548  Acc 79.00% | Time 40.2s
[resnet50_linear_probe] Epoch   5/30 | Train Loss 1.0834  Acc 74.75% | Val Loss 0.9927  Acc 79.51% | Time 41.3s
[resnet50_linear_probe] Epoch   6/30 | Train Loss 1.0006  Acc 76.28% | Val Loss 0.9298  Acc 80.16% | Time 40.9s
[resnet50_linear_probe] Epoch   7/30 | Train Loss 0.9397  Acc 77.53% | Val Loss 0.8278  Acc 80.45% | Time 40.5s
[resnet50_linear_probe] Epoch   8/30 | Train Loss 0.8618  Acc 78.76% | Val Loss 0.7733  Acc 82.76% | Time 41.1s
[resnet50_linear_probe] Epoch   9/30 | Train Loss 0.8371  Acc 79.33% | Val Loss 0.7722  Acc 83.04% | Time 41.2s
[resnet50_linear_probe] Epoch  10/30 | Train Loss 0.7900  Acc 80.60% | Val Loss 0.7503  Acc 82.47% | Time 40.6s
[resnet50_linear_probe] Epoch  11/30 | Train Loss 0.7820  Acc 79.67% | Val Loss 0.7042  Acc 83.55% | Time 40.0s
[resnet50_linear_probe] Epoch  12/30 | Train Loss 0.7578  Acc 80.24% | Val Loss 0.6469  Acc 84.49% | Time 40.3s
[resnet50_linear_probe] Epoch  13/30 | Train Loss 0.7435  Acc 80.27% | Val Loss 0.6707  Acc 84.34% | Time 40.7s
[resnet50_linear_probe] Epoch  14/30 | Train Loss 0.7042  Acc 82.29% | Val Loss 0.6677  Acc 84.20% | Time 41.0s
[resnet50_linear_probe] Epoch  15/30 | Train Loss 0.7054  Acc 81.02% | Val Loss 0.6309  Acc 84.13% | Time 40.8s
[resnet50_linear_probe] Epoch  16/30 | Train Loss 0.6888  Acc 81.90% | Val Loss 0.6558  Acc 84.27% | Time 40.6s
[resnet50_linear_probe] Epoch  17/30 | Train Loss 0.6788  Acc 81.95% | Val Loss 0.6287  Acc 84.56% | Time 41.4s
[resnet50_linear_probe] Epoch  18/30 | Train Loss 0.6544  Acc 83.06% | Val Loss 0.5940  Acc 84.99% | Time 40.8s
[resnet50_linear_probe] Epoch  19/30 | Train Loss 0.6602  Acc 82.34% | Val Loss 0.6168  Acc 83.62% | Time 40.3s
[resnet50_linear_probe] Epoch  20/30 | Train Loss 0.6531  Acc 82.70% | Val Loss 0.6204  Acc 84.49% | Time 40.5s
[resnet50_linear_probe] Epoch  21/30 | Train Loss 0.6336  Acc 82.93% | Val Loss 0.5912  Acc 85.43% | Time 39.9s
[resnet50_linear_probe] Epoch  22/30 | Train Loss 0.6338  Acc 83.47% | Val Loss 0.5849  Acc 84.56% | Time 40.1s
[resnet50_linear_probe] Epoch  23/30 | Train Loss 0.6446  Acc 82.88% | Val Loss 0.6156  Acc 84.78% | Time 41.3s
[resnet50_linear_probe] Epoch  24/30 | Train Loss 0.6391  Acc 83.38% | Val Loss 0.5696  Acc 85.93% | Time 40.5s
[resnet50_linear_probe] Epoch  25/30 | Train Loss 0.6268  Acc 83.95% | Val Loss 0.5853  Acc 84.78% | Time 40.6s
[resnet50_linear_probe] Epoch  26/30 | Train Loss 0.6276  Acc 83.68% | Val Loss 0.6377  Acc 84.20% | Time 40.4s
[resnet50_linear_probe] Epoch  27/30 | Train Loss 0.6294  Acc 83.79% | Val Loss 0.6057  Acc 84.56% | Time 40.3s
[resnet50_linear_probe] Epoch  28/30 | Train Loss 0.6329  Acc 83.41% | Val Loss 0.5841  Acc 85.43% | Time 40.7s
[resnet50_linear_probe] Epoch  29/30 | Train Loss 0.6295  Acc 84.07% | Val Loss 0.5922  Acc 85.79% | Time 39.7s
[resnet50_linear_probe] Epoch  30/30 | Train Loss 0.6451  Acc 83.15% | Val Loss 0.5765  Acc 85.21% | Time 40.7s
  [plot] saved → results/4.2_finetune/resnet50/linear_probe/acc_loss.png

── RESNET50 | last_block ──────────────────
  [timm] loaded 'resnet50' | head_attr='fc'
  [build_model] resnet50 | strategy=last_block | trainable=4,524,062 / 23,569,502 params
   Unfrozen parameters: 19.2%
[resnet50_last_block] Epoch   1/30 | Train Loss 3.2540  Acc 18.89% | Val Loss 3.0478  Acc 32.25% | Time 40.5s
[resnet50_last_block] Epoch   2/30 | Train Loss 2.8325  Acc 38.20% | Val Loss 2.4986  Acc 45.09% | Time 40.0s
[resnet50_last_block] Epoch   3/30 | Train Loss 2.3066  Acc 49.92% | Val Loss 1.9341  Acc 59.60% | Time 39.3s
[resnet50_last_block] Epoch   4/30 | Train Loss 1.8439  Acc 60.14% | Val Loss 1.4931  Acc 66.23% | Time 40.8s
[resnet50_last_block] Epoch   5/30 | Train Loss 1.5259  Acc 64.94% | Val Loss 1.2229  Acc 69.77% | Time 41.0s
[resnet50_last_block] Epoch   6/30 | Train Loss 1.3277  Acc 67.08% | Val Loss 1.0509  Acc 72.87% | Time 40.6s
[resnet50_last_block] Epoch   7/30 | Train Loss 1.1734  Acc 70.13% | Val Loss 0.9078  Acc 77.27% | Time 40.2s
[resnet50_last_block] Epoch   8/30 | Train Loss 1.0622  Acc 71.70% | Val Loss 0.8540  Acc 76.98% | Time 40.3s
[resnet50_last_block] Epoch   9/30 | Train Loss 1.0053  Acc 72.77% | Val Loss 0.7523  Acc 78.79% | Time 41.0s
[resnet50_last_block] Epoch  10/30 | Train Loss 0.9376  Acc 74.96% | Val Loss 0.7412  Acc 79.44% | Time 40.9s
[resnet50_last_block] Epoch  11/30 | Train Loss 0.9084  Acc 74.01% | Val Loss 0.7184  Acc 78.86% | Time 41.1s
[resnet50_last_block] Epoch  12/30 | Train Loss 0.8561  Acc 75.94% | Val Loss 0.6710  Acc 79.94% | Time 40.8s
[resnet50_last_block] Epoch  13/30 | Train Loss 0.8328  Acc 76.74% | Val Loss 0.6225  Acc 81.82% | Time 40.0s
[resnet50_last_block] Epoch  14/30 | Train Loss 0.8119  Acc 77.10% | Val Loss 0.6220  Acc 81.10% | Time 40.3s
[resnet50_last_block] Epoch  15/30 | Train Loss 0.7813  Acc 77.21% | Val Loss 0.5821  Acc 82.03% | Time 40.5s
[resnet50_last_block] Epoch  16/30 | Train Loss 0.7603  Acc 78.03% | Val Loss 0.6191  Acc 81.02% | Time 40.2s
[resnet50_last_block] Epoch  17/30 | Train Loss 0.7626  Acc 77.92% | Val Loss 0.5472  Acc 83.55% | Time 40.2s
[resnet50_last_block] Epoch  18/30 | Train Loss 0.7320  Acc 78.76% | Val Loss 0.5516  Acc 82.40% | Time 40.9s
[resnet50_last_block] Epoch  19/30 | Train Loss 0.7235  Acc 78.62% | Val Loss 0.5456  Acc 83.62% | Time 41.0s
[resnet50_last_block] Epoch  20/30 | Train Loss 0.7024  Acc 80.20% | Val Loss 0.5275  Acc 84.34% | Time 40.7s
[resnet50_last_block] Epoch  21/30 | Train Loss 0.7038  Acc 79.31% | Val Loss 0.5022  Acc 84.99% | Time 40.6s
[resnet50_last_block] Epoch  22/30 | Train Loss 0.6977  Acc 79.61% | Val Loss 0.5206  Acc 84.63% | Time 40.1s
[resnet50_last_block] Epoch  23/30 | Train Loss 0.6895  Acc 79.69% | Val Loss 0.5318  Acc 83.55% | Time 40.1s
[resnet50_last_block] Epoch  24/30 | Train Loss 0.6978  Acc 79.15% | Val Loss 0.5363  Acc 83.48% | Time 40.9s
[resnet50_last_block] Epoch  25/30 | Train Loss 0.6890  Acc 79.63% | Val Loss 0.5078  Acc 83.77% | Time 40.6s
[resnet50_last_block] Epoch  26/30 | Train Loss 0.6987  Acc 79.44% | Val Loss 0.4914  Acc 85.79% | Time 40.2s
[resnet50_last_block] Epoch  27/30 | Train Loss 0.6682  Acc 80.72% | Val Loss 0.5160  Acc 84.20% | Time 39.8s
[resnet50_last_block] Epoch  28/30 | Train Loss 0.6983  Acc 79.60% | Val Loss 0.5160  Acc 84.27% | Time 39.9s
[resnet50_last_block] Epoch  29/30 | Train Loss 0.7017  Acc 79.51% | Val Loss 0.5055  Acc 85.21% | Time 40.2s
[resnet50_last_block] Epoch  30/30 | Train Loss 0.6932  Acc 79.51% | Val Loss 0.5141  Acc 84.20% | Time 39.9s
  [plot] saved → results/4.2_finetune/resnet50/last_block/acc_loss.png

── RESNET50 | full_finetune ──────────────────
  [timm] loaded 'resnet50' | head_attr='fc'
  [build_model] resnet50 | strategy=full_finetune | trainable=23,569,502 / 23,569,502 params
   Unfrozen parameters: 100.0%
[resnet50_full_finetune] Epoch   1/30 | Train Loss 3.1219  Acc 20.87% | Val Loss 2.5231  Acc 46.61% | Time 41.5s
[resnet50_full_finetune] Epoch   2/30 | Train Loss 1.9113  Acc 60.41% | Val Loss 0.9903  Acc 77.13% | Time 41.3s
[resnet50_full_finetune] Epoch   3/30 | Train Loss 1.0205  Acc 74.00% | Val Loss 0.5486  Acc 84.85% | Time 41.0s
[resnet50_full_finetune] Epoch   4/30 | Train Loss 0.7250  Acc 79.94% | Val Loss 0.3747  Acc 89.97% | Time 40.8s
[resnet50_full_finetune] Epoch   5/30 | Train Loss 0.5969  Acc 83.25% | Val Loss 0.3003  Acc 91.20% | Time 41.0s
[resnet50_full_finetune] Epoch   6/30 | Train Loss 0.5138  Acc 85.14% | Val Loss 0.2698  Acc 92.35% | Time 40.6s
[resnet50_full_finetune] Epoch   7/30 | Train Loss 0.4578  Acc 86.93% | Val Loss 0.2468  Acc 92.93% | Time 41.0s
[resnet50_full_finetune] Epoch   8/30 | Train Loss 0.4059  Acc 87.71% | Val Loss 0.2368  Acc 92.35% | Time 41.4s
[resnet50_full_finetune] Epoch   9/30 | Train Loss 0.3593  Acc 89.60% | Val Loss 0.2175  Acc 93.58% | Time 41.1s
[resnet50_full_finetune] Epoch  10/30 | Train Loss 0.3385  Acc 90.12% | Val Loss 0.1942  Acc 95.02% | Time 41.1s
[resnet50_full_finetune] Epoch  11/30 | Train Loss 0.3411  Acc 89.96% | Val Loss 0.1892  Acc 94.30% | Time 41.1s
[resnet50_full_finetune] Epoch  12/30 | Train Loss 0.3155  Acc 90.67% | Val Loss 0.1788  Acc 94.81% | Time 41.1s
[resnet50_full_finetune] Epoch  13/30 | Train Loss 0.3058  Acc 91.35% | Val Loss 0.1744  Acc 94.95% | Time 41.3s
[resnet50_full_finetune] Epoch  14/30 | Train Loss 0.2799  Acc 91.55% | Val Loss 0.1739  Acc 94.66% | Time 40.9s
[resnet50_full_finetune] Epoch  15/30 | Train Loss 0.2684  Acc 91.97% | Val Loss 0.1708  Acc 94.81% | Time 40.9s
[resnet50_full_finetune] Epoch  16/30 | Train Loss 0.2654  Acc 92.22% | Val Loss 0.1736  Acc 94.66% | Time 41.0s
[resnet50_full_finetune] Epoch  17/30 | Train Loss 0.2489  Acc 92.51% | Val Loss 0.1725  Acc 94.81% | Time 41.1s
[resnet50_full_finetune] Epoch  18/30 | Train Loss 0.2458  Acc 92.76% | Val Loss 0.1715  Acc 94.88% | Time 41.4s
[resnet50_full_finetune] Epoch  19/30 | Train Loss 0.2413  Acc 92.63% | Val Loss 0.1615  Acc 95.45% | Time 41.5s
[resnet50_full_finetune] Epoch  20/30 | Train Loss 0.2216  Acc 93.56% | Val Loss 0.1609  Acc 95.24% | Time 41.1s
[resnet50_full_finetune] Epoch  21/30 | Train Loss 0.2322  Acc 93.33% | Val Loss 0.1566  Acc 95.38% | Time 40.9s
[resnet50_full_finetune] Epoch  22/30 | Train Loss 0.2236  Acc 93.42% | Val Loss 0.1653  Acc 95.24% | Time 41.0s
[resnet50_full_finetune] Epoch  23/30 | Train Loss 0.2263  Acc 93.29% | Val Loss 0.1627  Acc 95.02% | Time 41.5s
[resnet50_full_finetune] Epoch  24/30 | Train Loss 0.2016  Acc 94.35% | Val Loss 0.1709  Acc 95.02% | Time 41.2s
[resnet50_full_finetune] Epoch  25/30 | Train Loss 0.2282  Acc 93.33% | Val Loss 0.1515  Acc 95.60% | Time 41.1s
[resnet50_full_finetune] Epoch  26/30 | Train Loss 0.2226  Acc 93.67% | Val Loss 0.1552  Acc 95.74% | Time 41.3s
[resnet50_full_finetune] Epoch  27/30 | Train Loss 0.2164  Acc 93.69% | Val Loss 0.1489  Acc 95.45% | Time 41.1s
[resnet50_full_finetune] Epoch  28/30 | Train Loss 0.2139  Acc 93.83% | Val Loss 0.1595  Acc 95.38% | Time 41.8s
[resnet50_full_finetune] Epoch  29/30 | Train Loss 0.2089  Acc 94.08% | Val Loss 0.1585  Acc 95.31% | Time 41.4s
[resnet50_full_finetune] Epoch  30/30 | Train Loss 0.2123  Acc 93.76% | Val Loss 0.1602  Acc 95.45% | Time 41.0s
  [plot] saved → results/4.2_finetune/resnet50/full_finetune/acc_loss.png
  [plot] saved → results/4.2_finetune/resnet50/full_finetune/grad_norms.png

── RESNET50 | selective_20pct ──────────────────
  [timm] loaded 'resnet50' | head_attr='fc'
  [selective] unfrozen 5,515,264 / 23,508,032 backbone params (23.5%)
  [build_model] resnet50 | strategy=selective_20pct | trainable=5,576,734 / 23,569,502 params
   Unfrozen parameters: 23.7%
[resnet50_selective_20pct] Epoch   1/30 | Train Loss 3.2359  Acc 19.01% | Val Loss 2.9908  Acc 33.91% | Time 39.5s
[resnet50_selective_20pct] Epoch   2/30 | Train Loss 2.7204  Acc 40.22% | Val Loss 2.2704  Acc 47.55% | Time 40.2s
[resnet50_selective_20pct] Epoch   3/30 | Train Loss 2.0965  Acc 54.50% | Val Loss 1.6713  Acc 64.65% | Time 40.0s
[resnet50_selective_20pct] Epoch   4/30 | Train Loss 1.6353  Acc 62.55% | Val Loss 1.2599  Acc 72.15% | Time 39.6s
[resnet50_selective_20pct] Epoch   5/30 | Train Loss 1.3524  Acc 68.00% | Val Loss 1.0134  Acc 74.17% | Time 39.1s
[resnet50_selective_20pct] Epoch   6/30 | Train Loss 1.1576  Acc 70.80% | Val Loss 0.8721  Acc 77.63% | Time 40.3s
[resnet50_selective_20pct] Epoch   7/30 | Train Loss 1.0369  Acc 72.55% | Val Loss 0.7973  Acc 78.14% | Time 39.9s
[resnet50_selective_20pct] Epoch   8/30 | Train Loss 0.9413  Acc 74.51% | Val Loss 0.6750  Acc 81.10% | Time 39.9s
[resnet50_selective_20pct] Epoch   9/30 | Train Loss 0.8896  Acc 74.62% | Val Loss 0.6259  Acc 82.68% | Time 39.9s
[resnet50_selective_20pct] Epoch  10/30 | Train Loss 0.8451  Acc 75.92% | Val Loss 0.6011  Acc 82.40% | Time 39.0s
[resnet50_selective_20pct] Epoch  11/30 | Train Loss 0.8080  Acc 76.14% | Val Loss 0.5674  Acc 84.34% | Time 40.0s
[resnet50_selective_20pct] Epoch  12/30 | Train Loss 0.7658  Acc 78.37% | Val Loss 0.5462  Acc 84.70% | Time 40.1s
[resnet50_selective_20pct] Epoch  13/30 | Train Loss 0.7433  Acc 78.58% | Val Loss 0.5373  Acc 84.78% | Time 39.2s
[resnet50_selective_20pct] Epoch  14/30 | Train Loss 0.7435  Acc 77.81% | Val Loss 0.5207  Acc 84.56% | Time 40.5s
[resnet50_selective_20pct] Epoch  15/30 | Train Loss 0.6955  Acc 79.65% | Val Loss 0.4912  Acc 86.29% | Time 39.7s
[resnet50_selective_20pct] Epoch  16/30 | Train Loss 0.6761  Acc 79.99% | Val Loss 0.4656  Acc 86.51% | Time 40.5s
[resnet50_selective_20pct] Epoch  17/30 | Train Loss 0.6681  Acc 80.40% | Val Loss 0.4733  Acc 86.65% | Time 40.2s
[resnet50_selective_20pct] Epoch  18/30 | Train Loss 0.6547  Acc 80.83% | Val Loss 0.4667  Acc 86.72% | Time 39.8s
[resnet50_selective_20pct] Epoch  19/30 | Train Loss 0.6417  Acc 80.72% | Val Loss 0.4694  Acc 86.22% | Time 39.6s
[resnet50_selective_20pct] Epoch  20/30 | Train Loss 0.6272  Acc 81.24% | Val Loss 0.4659  Acc 86.15% | Time 39.6s
[resnet50_selective_20pct] Epoch  21/30 | Train Loss 0.6312  Acc 81.54% | Val Loss 0.4405  Acc 87.30% | Time 39.7s
[resnet50_selective_20pct] Epoch  22/30 | Train Loss 0.6295  Acc 80.97% | Val Loss 0.4500  Acc 86.80% | Time 39.3s
[resnet50_selective_20pct] Epoch  23/30 | Train Loss 0.6255  Acc 81.65% | Val Loss 0.4395  Acc 87.16% | Time 39.8s
[resnet50_selective_20pct] Epoch  24/30 | Train Loss 0.6370  Acc 81.18% | Val Loss 0.4295  Acc 87.30% | Time 39.8s
[resnet50_selective_20pct] Epoch  25/30 | Train Loss 0.6174  Acc 81.83% | Val Loss 0.4334  Acc 86.94% | Time 40.0s
[resnet50_selective_20pct] Epoch  26/30 | Train Loss 0.6040  Acc 81.97% | Val Loss 0.4374  Acc 87.09% | Time 39.9s
[resnet50_selective_20pct] Epoch  27/30 | Train Loss 0.6147  Acc 81.83% | Val Loss 0.4293  Acc 87.30% | Time 39.8s
[resnet50_selective_20pct] Epoch  28/30 | Train Loss 0.6285  Acc 81.33% | Val Loss 0.4388  Acc 87.09% | Time 40.0s
[resnet50_selective_20pct] Epoch  29/30 | Train Loss 0.5872  Acc 82.84% | Val Loss 0.4517  Acc 86.29% | Time 40.2s
[resnet50_selective_20pct] Epoch  30/30 | Train Loss 0.5953  Acc 82.58% | Val Loss 0.4395  Acc 87.16% | Time 39.6s
  [plot] saved → results/4.2_finetune/resnet50/selective_20pct/acc_loss.png
  [plot] saved → results/4.2_finetune/resnet50/strategy_comparison.png
  [json] saved → results/4.2_finetune/results.json

============================================================
  SCENARIO 4.3 – Few-Shot Learning Analysis
============================================================

── EFFICIENTNET_B0 | 100% data | 30 epochs ──
  [timm] loaded 'efficientnet_b0' | head_attr='classifier'
  [build_model] efficientnet_b0 | strategy=linear_probe | trainable=38,430 / 4,045,978 params
[efficientnet_b0_fewshot_100pct] Epoch   1/30 | Train Loss 2.5414  Acc 31.85% | Val Loss 1.4384  Acc 59.67% | Time 39.2s
[efficientnet_b0_fewshot_100pct] Epoch   2/30 | Train Loss 1.3117  Acc 62.10% | Val Loss 0.9787  Acc 71.21% | Time 39.4s
[efficientnet_b0_fewshot_100pct] Epoch   3/30 | Train Loss 1.0591  Acc 68.91% | Val Loss 0.8196  Acc 75.47% | Time 40.1s
[efficientnet_b0_fewshot_100pct] Epoch   4/30 | Train Loss 0.9407  Acc 72.59% | Val Loss 0.7220  Acc 78.35% | Time 40.8s
[efficientnet_b0_fewshot_100pct] Epoch   5/30 | Train Loss 0.8366  Acc 74.94% | Val Loss 0.6831  Acc 80.09% | Time 39.4s
[efficientnet_b0_fewshot_100pct] Epoch   6/30 | Train Loss 0.7641  Acc 76.98% | Val Loss 0.6159  Acc 81.75% | Time 39.6s
[efficientnet_b0_fewshot_100pct] Epoch   7/30 | Train Loss 0.7441  Acc 77.96% | Val Loss 0.6010  Acc 81.82% | Time 40.3s
[efficientnet_b0_fewshot_100pct] Epoch   8/30 | Train Loss 0.6938  Acc 79.67% | Val Loss 0.5826  Acc 82.18% | Time 39.4s
[efficientnet_b0_fewshot_100pct] Epoch   9/30 | Train Loss 0.6781  Acc 79.99% | Val Loss 0.5652  Acc 82.68% | Time 39.2s
[efficientnet_b0_fewshot_100pct] Epoch  10/30 | Train Loss 0.6625  Acc 80.61% | Val Loss 0.5249  Acc 83.84% | Time 38.7s
[efficientnet_b0_fewshot_100pct] Epoch  11/30 | Train Loss 0.6509  Acc 80.15% | Val Loss 0.5391  Acc 83.84% | Time 39.3s
[efficientnet_b0_fewshot_100pct] Epoch  12/30 | Train Loss 0.6187  Acc 80.97% | Val Loss 0.5176  Acc 83.98% | Time 39.2s
[efficientnet_b0_fewshot_100pct] Epoch  13/30 | Train Loss 0.5896  Acc 82.31% | Val Loss 0.5265  Acc 83.98% | Time 39.6s
[efficientnet_b0_fewshot_100pct] Epoch  14/30 | Train Loss 0.5937  Acc 82.47% | Val Loss 0.5061  Acc 84.05% | Time 39.8s
[efficientnet_b0_fewshot_100pct] Epoch  15/30 | Train Loss 0.5813  Acc 82.49% | Val Loss 0.5057  Acc 84.49% | Time 39.1s
[efficientnet_b0_fewshot_100pct] Epoch  16/30 | Train Loss 0.5550  Acc 83.41% | Val Loss 0.4954  Acc 84.20% | Time 39.7s
[efficientnet_b0_fewshot_100pct] Epoch  17/30 | Train Loss 0.5479  Acc 83.56% | Val Loss 0.4756  Acc 84.85% | Time 39.9s
[efficientnet_b0_fewshot_100pct] Epoch  18/30 | Train Loss 0.5589  Acc 83.02% | Val Loss 0.5209  Acc 83.48% | Time 39.2s
[efficientnet_b0_fewshot_100pct] Epoch  19/30 | Train Loss 0.5365  Acc 84.22% | Val Loss 0.5014  Acc 83.77% | Time 39.7s
[efficientnet_b0_fewshot_100pct] Epoch  20/30 | Train Loss 0.5599  Acc 83.34% | Val Loss 0.4943  Acc 84.70% | Time 40.3s
[efficientnet_b0_fewshot_100pct] Epoch  21/30 | Train Loss 0.5305  Acc 83.88% | Val Loss 0.4521  Acc 85.86% | Time 39.9s
[efficientnet_b0_fewshot_100pct] Epoch  22/30 | Train Loss 0.5456  Acc 83.20% | Val Loss 0.4969  Acc 84.20% | Time 39.5s
[efficientnet_b0_fewshot_100pct] Epoch  23/30 | Train Loss 0.5243  Acc 84.06% | Val Loss 0.4658  Acc 84.56% | Time 39.2s
[efficientnet_b0_fewshot_100pct] Epoch  24/30 | Train Loss 0.5483  Acc 83.15% | Val Loss 0.4707  Acc 84.63% | Time 39.5s
[efficientnet_b0_fewshot_100pct] Epoch  25/30 | Train Loss 0.4932  Acc 85.23% | Val Loss 0.4933  Acc 85.35% | Time 39.7s
[efficientnet_b0_fewshot_100pct] Epoch  26/30 | Train Loss 0.5284  Acc 84.22% | Val Loss 0.4742  Acc 85.43% | Time 39.4s
[efficientnet_b0_fewshot_100pct] Epoch  27/30 | Train Loss 0.5200  Acc 84.16% | Val Loss 0.5088  Acc 84.05% | Time 39.2s
[efficientnet_b0_fewshot_100pct] Epoch  28/30 | Train Loss 0.5329  Acc 84.14% | Val Loss 0.4614  Acc 85.50% | Time 40.0s
[efficientnet_b0_fewshot_100pct] Epoch  29/30 | Train Loss 0.5012  Acc 84.82% | Val Loss 0.4637  Acc 84.99% | Time 40.2s
[efficientnet_b0_fewshot_100pct] Epoch  30/30 | Train Loss 0.5075  Acc 85.11% | Val Loss 0.4711  Acc 85.43% | Time 39.7s

── EFFICIENTNET_B0 | 20% data | 20 epochs ──
  [timm] loaded 'efficientnet_b0' | head_attr='classifier'
  [build_model] efficientnet_b0 | strategy=linear_probe | trainable=38,430 / 4,045,978 params
[efficientnet_b0_fewshot_20pct] Epoch   1/20 | Train Loss 3.7273  Acc 6.58% | Val Loss 3.0412  Acc 17.60% | Time 13.9s
[efficientnet_b0_fewshot_20pct] Epoch   2/20 | Train Loss 2.7307  Acc 26.24% | Val Loss 2.3278  Acc 36.15% | Time 13.7s
[efficientnet_b0_fewshot_20pct] Epoch   3/20 | Train Loss 2.1499  Acc 38.23% | Val Loss 1.8784  Acc 48.77% | Time 13.8s
[efficientnet_b0_fewshot_20pct] Epoch   4/20 | Train Loss 1.7442  Acc 51.40% | Val Loss 1.6216  Acc 56.49% | Time 13.7s
[efficientnet_b0_fewshot_20pct] Epoch   5/20 | Train Loss 1.4907  Acc 57.26% | Val Loss 1.4347  Acc 59.67% | Time 14.2s
[efficientnet_b0_fewshot_20pct] Epoch   6/20 | Train Loss 1.3688  Acc 62.13% | Val Loss 1.3232  Acc 63.35% | Time 13.5s
[efficientnet_b0_fewshot_20pct] Epoch   7/20 | Train Loss 1.2512  Acc 64.47% | Val Loss 1.2393  Acc 64.65% | Time 13.7s
[efficientnet_b0_fewshot_20pct] Epoch   8/20 | Train Loss 1.1682  Acc 66.82% | Val Loss 1.1736  Acc 66.88% | Time 13.7s
[efficientnet_b0_fewshot_20pct] Epoch   9/20 | Train Loss 1.1046  Acc 68.71% | Val Loss 1.1209  Acc 67.75% | Time 13.9s
[efficientnet_b0_fewshot_20pct] Epoch  10/20 | Train Loss 0.9806  Acc 72.41% | Val Loss 1.1174  Acc 67.39% | Time 13.8s
[efficientnet_b0_fewshot_20pct] Epoch  11/20 | Train Loss 0.9539  Acc 73.40% | Val Loss 1.0698  Acc 68.61% | Time 13.8s
[efficientnet_b0_fewshot_20pct] Epoch  12/20 | Train Loss 0.9551  Acc 72.86% | Val Loss 1.0406  Acc 69.41% | Time 13.7s
[efficientnet_b0_fewshot_20pct] Epoch  13/20 | Train Loss 0.9104  Acc 76.19% | Val Loss 1.0304  Acc 69.84% | Time 13.6s
[efficientnet_b0_fewshot_20pct] Epoch  14/20 | Train Loss 0.9274  Acc 73.58% | Val Loss 1.0035  Acc 70.63% | Time 14.1s
[efficientnet_b0_fewshot_20pct] Epoch  15/20 | Train Loss 0.9221  Acc 73.49% | Val Loss 0.9965  Acc 70.06% | Time 14.2s
[efficientnet_b0_fewshot_20pct] Epoch  16/20 | Train Loss 0.8378  Acc 76.28% | Val Loss 1.0053  Acc 70.92% | Time 13.5s
[efficientnet_b0_fewshot_20pct] Epoch  17/20 | Train Loss 0.8843  Acc 74.93% | Val Loss 0.9868  Acc 70.78% | Time 13.9s
[efficientnet_b0_fewshot_20pct] Epoch  18/20 | Train Loss 0.8611  Acc 75.11% | Val Loss 0.9908  Acc 70.92% | Time 13.7s
[efficientnet_b0_fewshot_20pct] Epoch  19/20 | Train Loss 0.8393  Acc 78.09% | Val Loss 0.9766  Acc 71.50% | Time 13.8s
[efficientnet_b0_fewshot_20pct] Epoch  20/20 | Train Loss 0.8282  Acc 75.83% | Val Loss 0.9788  Acc 70.63% | Time 13.9s

── EFFICIENTNET_B0 | 5% data | 20 epochs ──
  [timm] loaded 'efficientnet_b0' | head_attr='classifier'
  [build_model] efficientnet_b0 | strategy=linear_probe | trainable=38,430 / 4,045,978 params
[efficientnet_b0_fewshot_5pct] Epoch   1/20 | Train Loss 4.1915  Acc 4.49% | Val Loss 4.2222  Acc 4.18% | Time 8.6s
[efficientnet_b0_fewshot_5pct] Epoch   2/20 | Train Loss 3.6191  Acc 8.24% | Val Loss 3.7347  Acc 7.50% | Time 8.3s
[efficientnet_b0_fewshot_5pct] Epoch   3/20 | Train Loss 3.3349  Acc 13.11% | Val Loss 3.4022  Acc 11.26% | Time 8.4s
[efficientnet_b0_fewshot_5pct] Epoch   4/20 | Train Loss 2.9238  Acc 19.48% | Val Loss 3.1531  Acc 15.44% | Time 8.8s
[efficientnet_b0_fewshot_5pct] Epoch   5/20 | Train Loss 2.6784  Acc 25.84% | Val Loss 2.9539  Acc 19.26% | Time 8.9s
[efficientnet_b0_fewshot_5pct] Epoch   6/20 | Train Loss 2.4989  Acc 27.72% | Val Loss 2.7854  Acc 22.80% | Time 8.5s
[efficientnet_b0_fewshot_5pct] Epoch   7/20 | Train Loss 2.2762  Acc 37.83% | Val Loss 2.6449  Acc 26.48% | Time 8.6s
[efficientnet_b0_fewshot_5pct] Epoch   8/20 | Train Loss 2.0580  Acc 40.07% | Val Loss 2.5360  Acc 29.22% | Time 8.8s
[efficientnet_b0_fewshot_5pct] Epoch   9/20 | Train Loss 2.0592  Acc 43.45% | Val Loss 2.4357  Acc 32.03% | Time 8.6s
[efficientnet_b0_fewshot_5pct] Epoch  10/20 | Train Loss 1.7855  Acc 53.93% | Val Loss 2.3618  Acc 34.34% | Time 8.5s
[efficientnet_b0_fewshot_5pct] Epoch  11/20 | Train Loss 1.7289  Acc 51.31% | Val Loss 2.3124  Acc 35.21% | Time 8.4s
[efficientnet_b0_fewshot_5pct] Epoch  12/20 | Train Loss 1.8088  Acc 52.06% | Val Loss 2.2721  Acc 36.58% | Time 8.8s
[efficientnet_b0_fewshot_5pct] Epoch  13/20 | Train Loss 1.6790  Acc 55.81% | Val Loss 2.2301  Acc 37.52% | Time 8.8s
[efficientnet_b0_fewshot_5pct] Epoch  14/20 | Train Loss 1.5525  Acc 55.06% | Val Loss 2.1959  Acc 37.73% | Time 8.8s
[efficientnet_b0_fewshot_5pct] Epoch  15/20 | Train Loss 1.6938  Acc 54.31% | Val Loss 2.1879  Acc 38.53% | Time 8.8s
[efficientnet_b0_fewshot_5pct] Epoch  16/20 | Train Loss 1.6387  Acc 55.81% | Val Loss 2.1742  Acc 39.18% | Time 8.5s
[efficientnet_b0_fewshot_5pct] Epoch  17/20 | Train Loss 1.5700  Acc 59.93% | Val Loss 2.1504  Acc 39.68% | Time 8.6s
[efficientnet_b0_fewshot_5pct] Epoch  18/20 | Train Loss 1.6709  Acc 58.43% | Val Loss 2.1470  Acc 39.68% | Time 8.6s
[efficientnet_b0_fewshot_5pct] Epoch  19/20 | Train Loss 1.5395  Acc 59.18% | Val Loss 2.1360  Acc 40.40% | Time 8.7s
[efficientnet_b0_fewshot_5pct] Epoch  20/20 | Train Loss 1.4565  Acc 61.80% | Val Loss 2.1529  Acc 40.48% | Time 8.8s
  Δ = 52.86%  (100% vs 5% data)

── DENSENET121 | 100% data | 30 epochs ──
  [timm] loaded 'densenet121' | head_attr='classifier'
  [build_model] densenet121 | strategy=linear_probe | trainable=30,750 / 6,984,606 params
[densenet121_fewshot_100pct] Epoch   1/30 | Train Loss 1.6481  Acc 58.25% | Val Loss 0.8528  Acc 78.35% | Time 39.5s
[densenet121_fewshot_100pct] Epoch   2/30 | Train Loss 0.8565  Acc 77.28% | Val Loss 0.5947  Acc 84.49% | Time 40.2s
[densenet121_fewshot_100pct] Epoch   3/30 | Train Loss 0.7076  Acc 80.35% | Val Loss 0.5162  Acc 85.21% | Time 39.7s
[densenet121_fewshot_100pct] Epoch   4/30 | Train Loss 0.6287  Acc 82.59% | Val Loss 0.4654  Acc 86.36% | Time 39.9s
[densenet121_fewshot_100pct] Epoch   5/30 | Train Loss 0.5625  Acc 83.56% | Val Loss 0.4178  Acc 87.88% | Time 39.9s
[densenet121_fewshot_100pct] Epoch   6/30 | Train Loss 0.5282  Acc 84.82% | Val Loss 0.4072  Acc 87.81% | Time 40.3s
[densenet121_fewshot_100pct] Epoch   7/30 | Train Loss 0.5047  Acc 85.55% | Val Loss 0.3926  Acc 88.10% | Time 39.8s
[densenet121_fewshot_100pct] Epoch   8/30 | Train Loss 0.4816  Acc 85.61% | Val Loss 0.3619  Acc 88.60% | Time 39.8s
[densenet121_fewshot_100pct] Epoch   9/30 | Train Loss 0.4475  Acc 87.14% | Val Loss 0.4070  Acc 87.59% | Time 40.1s
[densenet121_fewshot_100pct] Epoch  10/30 | Train Loss 0.4288  Acc 87.46% | Val Loss 0.3419  Acc 89.47% | Time 40.2s
[densenet121_fewshot_100pct] Epoch  11/30 | Train Loss 0.4291  Acc 87.39% | Val Loss 0.3283  Acc 89.90% | Time 40.5s
[densenet121_fewshot_100pct] Epoch  12/30 | Train Loss 0.4218  Acc 87.96% | Val Loss 0.3226  Acc 90.19% | Time 40.3s
[densenet121_fewshot_100pct] Epoch  13/30 | Train Loss 0.3966  Acc 88.12% | Val Loss 0.3352  Acc 89.90% | Time 39.9s
[densenet121_fewshot_100pct] Epoch  14/30 | Train Loss 0.3828  Acc 88.82% | Val Loss 0.3180  Acc 89.97% | Time 40.8s
[densenet121_fewshot_100pct] Epoch  15/30 | Train Loss 0.3975  Acc 88.78% | Val Loss 0.3083  Acc 90.26% | Time 41.1s
[densenet121_fewshot_100pct] Epoch  16/30 | Train Loss 0.3923  Acc 88.62% | Val Loss 0.3067  Acc 90.48% | Time 40.5s
[densenet121_fewshot_100pct] Epoch  17/30 | Train Loss 0.3766  Acc 89.46% | Val Loss 0.2969  Acc 90.33% | Time 39.9s
[densenet121_fewshot_100pct] Epoch  18/30 | Train Loss 0.3867  Acc 88.60% | Val Loss 0.3143  Acc 90.26% | Time 39.8s
[densenet121_fewshot_100pct] Epoch  19/30 | Train Loss 0.3810  Acc 88.39% | Val Loss 0.3054  Acc 90.19% | Time 39.7s
[densenet121_fewshot_100pct] Epoch  20/30 | Train Loss 0.3614  Acc 89.57% | Val Loss 0.3119  Acc 90.19% | Time 39.9s
[densenet121_fewshot_100pct] Epoch  21/30 | Train Loss 0.3580  Acc 89.16% | Val Loss 0.2829  Acc 91.27% | Time 40.0s
[densenet121_fewshot_100pct] Epoch  22/30 | Train Loss 0.3471  Acc 90.05% | Val Loss 0.2902  Acc 91.34% | Time 39.8s
[densenet121_fewshot_100pct] Epoch  23/30 | Train Loss 0.3551  Acc 89.58% | Val Loss 0.2890  Acc 90.91% | Time 40.1s
[densenet121_fewshot_100pct] Epoch  24/30 | Train Loss 0.3404  Acc 90.10% | Val Loss 0.2915  Acc 91.49% | Time 39.6s
[densenet121_fewshot_100pct] Epoch  25/30 | Train Loss 0.3354  Acc 90.46% | Val Loss 0.2852  Acc 91.34% | Time 39.5s
[densenet121_fewshot_100pct] Epoch  26/30 | Train Loss 0.3490  Acc 89.48% | Val Loss 0.2776  Acc 92.14% | Time 39.5s
[densenet121_fewshot_100pct] Epoch  27/30 | Train Loss 0.3370  Acc 90.10% | Val Loss 0.2874  Acc 91.49% | Time 39.8s
[densenet121_fewshot_100pct] Epoch  28/30 | Train Loss 0.3314  Acc 90.67% | Val Loss 0.2855  Acc 91.70% | Time 40.1s
[densenet121_fewshot_100pct] Epoch  29/30 | Train Loss 0.3277  Acc 90.44% | Val Loss 0.2940  Acc 90.91% | Time 39.7s
[densenet121_fewshot_100pct] Epoch  30/30 | Train Loss 0.3213  Acc 90.78% | Val Loss 0.2946  Acc 91.27% | Time 39.4s

── DENSENET121 | 20% data | 20 epochs ──
  [timm] loaded 'densenet121' | head_attr='classifier'
  [build_model] densenet121 | strategy=linear_probe | trainable=30,750 / 6,984,606 params
[densenet121_fewshot_20pct] Epoch   1/20 | Train Loss 2.7391  Acc 28.04% | Val Loss 1.9858  Acc 54.04% | Time 14.3s
[densenet121_fewshot_20pct] Epoch   2/20 | Train Loss 1.7162  Acc 60.78% | Val Loss 1.3878  Acc 69.84% | Time 14.4s
[densenet121_fewshot_20pct] Epoch   3/20 | Train Loss 1.2495  Acc 71.87% | Val Loss 1.1639  Acc 72.37% | Time 14.4s
[densenet121_fewshot_20pct] Epoch   4/20 | Train Loss 1.0814  Acc 74.12% | Val Loss 1.0192  Acc 75.32% | Time 14.2s
[densenet121_fewshot_20pct] Epoch   5/20 | Train Loss 0.9060  Acc 78.63% | Val Loss 0.9182  Acc 77.34% | Time 14.5s
[densenet121_fewshot_20pct] Epoch   6/20 | Train Loss 0.8722  Acc 77.46% | Val Loss 0.8287  Acc 79.58% | Time 13.9s
[densenet121_fewshot_20pct] Epoch   7/20 | Train Loss 0.7363  Acc 82.87% | Val Loss 0.8046  Acc 78.72% | Time 14.4s
[densenet121_fewshot_20pct] Epoch   8/20 | Train Loss 0.7078  Acc 84.13% | Val Loss 0.7721  Acc 79.65% | Time 14.5s
[densenet121_fewshot_20pct] Epoch   9/20 | Train Loss 0.6791  Acc 84.22% | Val Loss 0.7568  Acc 79.80% | Time 14.4s
[densenet121_fewshot_20pct] Epoch  10/20 | Train Loss 0.6450  Acc 84.13% | Val Loss 0.7108  Acc 81.31% | Time 14.4s
[densenet121_fewshot_20pct] Epoch  11/20 | Train Loss 0.6137  Acc 85.57% | Val Loss 0.6903  Acc 81.67% | Time 14.3s
[densenet121_fewshot_20pct] Epoch  12/20 | Train Loss 0.6331  Acc 84.94% | Val Loss 0.6744  Acc 82.11% | Time 13.8s
[densenet121_fewshot_20pct] Epoch  13/20 | Train Loss 0.5629  Acc 86.56% | Val Loss 0.6730  Acc 81.53% | Time 14.5s
[densenet121_fewshot_20pct] Epoch  14/20 | Train Loss 0.5771  Acc 85.75% | Val Loss 0.6508  Acc 82.11% | Time 14.5s
[densenet121_fewshot_20pct] Epoch  15/20 | Train Loss 0.5324  Acc 88.55% | Val Loss 0.6624  Acc 81.46% | Time 14.1s
[densenet121_fewshot_20pct] Epoch  16/20 | Train Loss 0.5443  Acc 86.65% | Val Loss 0.6554  Acc 82.11% | Time 14.5s
[densenet121_fewshot_20pct] Epoch  17/20 | Train Loss 0.5213  Acc 89.27% | Val Loss 0.6517  Acc 82.32% | Time 14.5s
[densenet121_fewshot_20pct] Epoch  18/20 | Train Loss 0.5371  Acc 87.11% | Val Loss 0.6426  Acc 82.25% | Time 14.3s
[densenet121_fewshot_20pct] Epoch  19/20 | Train Loss 0.5137  Acc 88.55% | Val Loss 0.6526  Acc 82.47% | Time 14.5s
[densenet121_fewshot_20pct] Epoch  20/20 | Train Loss 0.5685  Acc 85.66% | Val Loss 0.6352  Acc 82.25% | Time 14.3s

── DENSENET121 | 5% data | 20 epochs ──
  [timm] loaded 'densenet121' | head_attr='classifier'
  [build_model] densenet121 | strategy=linear_probe | trainable=30,750 / 6,984,606 params
[densenet121_fewshot_5pct] Epoch   1/20 | Train Loss 3.4026  Acc 4.12% | Val Loss 2.9494  Acc 18.40% | Time 9.2s
[densenet121_fewshot_5pct] Epoch   2/20 | Train Loss 2.7285  Acc 29.96% | Val Loss 2.5966  Acc 29.00% | Time 8.6s
[densenet121_fewshot_5pct] Epoch   3/20 | Train Loss 2.2416  Acc 54.31% | Val Loss 2.2803  Acc 45.53% | Time 8.6s
[densenet121_fewshot_5pct] Epoch   4/20 | Train Loss 1.8856  Acc 70.79% | Val Loss 2.0251  Acc 56.06% | Time 8.5s
[densenet121_fewshot_5pct] Epoch   5/20 | Train Loss 1.6104  Acc 75.28% | Val Loss 1.8484  Acc 58.30% | Time 8.8s
[densenet121_fewshot_5pct] Epoch   6/20 | Train Loss 1.4762  Acc 75.28% | Val Loss 1.7318  Acc 58.01% | Time 9.0s
[densenet121_fewshot_5pct] Epoch   7/20 | Train Loss 1.2608  Acc 84.27% | Val Loss 1.6155  Acc 62.12% | Time 9.0s
[densenet121_fewshot_5pct] Epoch   8/20 | Train Loss 1.1546  Acc 86.52% | Val Loss 1.5447  Acc 62.84% | Time 9.0s
[densenet121_fewshot_5pct] Epoch   9/20 | Train Loss 1.0353  Acc 85.77% | Val Loss 1.4836  Acc 65.08% | Time 8.8s
[densenet121_fewshot_5pct] Epoch  10/20 | Train Loss 0.9511  Acc 85.02% | Val Loss 1.4339  Acc 66.38% | Time 8.9s
[densenet121_fewshot_5pct] Epoch  11/20 | Train Loss 0.9373  Acc 86.52% | Val Loss 1.3935  Acc 67.10% | Time 8.6s
[densenet121_fewshot_5pct] Epoch  12/20 | Train Loss 0.9136  Acc 86.52% | Val Loss 1.3638  Acc 67.03% | Time 9.0s
[densenet121_fewshot_5pct] Epoch  13/20 | Train Loss 0.8564  Acc 88.76% | Val Loss 1.3509  Acc 66.67% | Time 8.9s
[densenet121_fewshot_5pct] Epoch  14/20 | Train Loss 0.8319  Acc 86.89% | Val Loss 1.3377  Acc 66.88% | Time 9.0s
[densenet121_fewshot_5pct] Epoch  15/20 | Train Loss 0.8204  Acc 88.76% | Val Loss 1.3215  Acc 67.89% | Time 8.9s
[densenet121_fewshot_5pct] Epoch  16/20 | Train Loss 0.8154  Acc 88.01% | Val Loss 1.3237  Acc 67.32% | Time 8.8s
[densenet121_fewshot_5pct] Epoch  17/20 | Train Loss 0.7893  Acc 88.39% | Val Loss 1.3196  Acc 67.39% | Time 8.9s
[densenet121_fewshot_5pct] Epoch  18/20 | Train Loss 0.8136  Acc 88.39% | Val Loss 1.3186  Acc 67.24% | Time 9.0s
[densenet121_fewshot_5pct] Epoch  19/20 | Train Loss 0.7738  Acc 90.26% | Val Loss 1.3148  Acc 67.24% | Time 9.0s
[densenet121_fewshot_5pct] Epoch  20/20 | Train Loss 0.7726  Acc 85.77% | Val Loss 1.3097  Acc 67.97% | Time 9.0s
  Δ = 26.23%  (100% vs 5% data)

── RESNET50 | 100% data | 30 epochs ──
  [timm] loaded 'resnet50' | head_attr='fc'
  [build_model] resnet50 | strategy=linear_probe | trainable=61,470 / 23,569,502 params
[resnet50_fewshot_100pct] Epoch   1/30 | Train Loss 2.6371  Acc 43.52% | Val Loss 2.0474  Acc 65.15% | Time 39.5s
[resnet50_fewshot_100pct] Epoch   2/30 | Train Loss 1.7842  Acc 65.92% | Val Loss 1.5312  Acc 73.23% | Time 40.5s
[resnet50_fewshot_100pct] Epoch   3/30 | Train Loss 1.4046  Acc 70.73% | Val Loss 1.2504  Acc 76.05% | Time 40.3s
[resnet50_fewshot_100pct] Epoch   4/30 | Train Loss 1.2026  Acc 73.76% | Val Loss 1.0719  Acc 77.78% | Time 40.2s
[resnet50_fewshot_100pct] Epoch   5/30 | Train Loss 1.0854  Acc 75.12% | Val Loss 0.9839  Acc 78.64% | Time 39.8s
[resnet50_fewshot_100pct] Epoch   6/30 | Train Loss 1.0093  Acc 75.91% | Val Loss 0.8937  Acc 81.02% | Time 39.5s
[resnet50_fewshot_100pct] Epoch   7/30 | Train Loss 0.9265  Acc 77.40% | Val Loss 0.8517  Acc 81.31% | Time 39.7s
[resnet50_fewshot_100pct] Epoch   8/30 | Train Loss 0.8748  Acc 78.28% | Val Loss 0.7917  Acc 81.39% | Time 40.0s
[resnet50_fewshot_100pct] Epoch   9/30 | Train Loss 0.8486  Acc 78.95% | Val Loss 0.8084  Acc 81.31% | Time 40.3s
[resnet50_fewshot_100pct] Epoch  10/30 | Train Loss 0.7890  Acc 80.45% | Val Loss 0.7541  Acc 81.67% | Time 40.2s
[resnet50_fewshot_100pct] Epoch  11/30 | Train Loss 0.7767  Acc 80.40% | Val Loss 0.6965  Acc 82.97% | Time 40.4s
[resnet50_fewshot_100pct] Epoch  12/30 | Train Loss 0.7406  Acc 81.06% | Val Loss 0.6794  Acc 83.55% | Time 39.5s
[resnet50_fewshot_100pct] Epoch  13/30 | Train Loss 0.7403  Acc 80.88% | Val Loss 0.6852  Acc 83.41% | Time 40.3s
[resnet50_fewshot_100pct] Epoch  14/30 | Train Loss 0.7122  Acc 81.58% | Val Loss 0.6704  Acc 83.69% | Time 40.6s
[resnet50_fewshot_100pct] Epoch  15/30 | Train Loss 0.6903  Acc 81.88% | Val Loss 0.6267  Acc 83.91% | Time 39.1s
[resnet50_fewshot_100pct] Epoch  16/30 | Train Loss 0.6916  Acc 81.67% | Val Loss 0.6035  Acc 85.21% | Time 40.2s
[resnet50_fewshot_100pct] Epoch  17/30 | Train Loss 0.6853  Acc 82.24% | Val Loss 0.6250  Acc 84.63% | Time 39.9s
[resnet50_fewshot_100pct] Epoch  18/30 | Train Loss 0.6393  Acc 83.43% | Val Loss 0.5968  Acc 84.78% | Time 40.1s
[resnet50_fewshot_100pct] Epoch  19/30 | Train Loss 0.6633  Acc 82.75% | Val Loss 0.6145  Acc 84.99% | Time 39.6s
[resnet50_fewshot_100pct] Epoch  20/30 | Train Loss 0.6416  Acc 83.15% | Val Loss 0.6119  Acc 84.56% | Time 40.0s
[resnet50_fewshot_100pct] Epoch  21/30 | Train Loss 0.6375  Acc 82.72% | Val Loss 0.5970  Acc 84.56% | Time 40.2s
[resnet50_fewshot_100pct] Epoch  22/30 | Train Loss 0.6372  Acc 83.36% | Val Loss 0.5678  Acc 86.22% | Time 40.8s
[resnet50_fewshot_100pct] Epoch  23/30 | Train Loss 0.6477  Acc 83.41% | Val Loss 0.5773  Acc 86.00% | Time 40.5s
[resnet50_fewshot_100pct] Epoch  24/30 | Train Loss 0.6378  Acc 82.93% | Val Loss 0.5671  Acc 85.43% | Time 40.5s
[resnet50_fewshot_100pct] Epoch  25/30 | Train Loss 0.6260  Acc 83.91% | Val Loss 0.5992  Acc 85.35% | Time 39.6s
[resnet50_fewshot_100pct] Epoch  26/30 | Train Loss 0.6241  Acc 83.56% | Val Loss 0.5764  Acc 86.15% | Time 40.4s
[resnet50_fewshot_100pct] Epoch  27/30 | Train Loss 0.6332  Acc 82.84% | Val Loss 0.5670  Acc 85.57% | Time 39.8s
[resnet50_fewshot_100pct] Epoch  28/30 | Train Loss 0.6364  Acc 82.65% | Val Loss 0.5617  Acc 85.79% | Time 40.5s
[resnet50_fewshot_100pct] Epoch  29/30 | Train Loss 0.6273  Acc 83.43% | Val Loss 0.5767  Acc 86.00% | Time 40.4s
[resnet50_fewshot_100pct] Epoch  30/30 | Train Loss 0.6308  Acc 83.56% | Val Loss 0.5837  Acc 85.43% | Time 40.5s

── RESNET50 | 20% data | 20 epochs ──
  [timm] loaded 'resnet50' | head_attr='fc'
  [build_model] resnet50 | strategy=linear_probe | trainable=61,470 / 23,569,502 params
[resnet50_fewshot_20pct] Epoch   1/20 | Train Loss 3.2294  Acc 13.35% | Val Loss 3.0174  Acc 35.06% | Time 13.9s
[resnet50_fewshot_20pct] Epoch   2/20 | Train Loss 2.8320  Acc 41.75% | Val Loss 2.6573  Acc 57.86% | Time 14.1s
[resnet50_fewshot_20pct] Epoch   3/20 | Train Loss 2.5248  Acc 57.62% | Val Loss 2.4205  Acc 61.83% | Time 13.9s
[resnet50_fewshot_20pct] Epoch   4/20 | Train Loss 2.2927  Acc 62.31% | Val Loss 2.2433  Acc 65.30% | Time 13.9s
[resnet50_fewshot_20pct] Epoch   5/20 | Train Loss 2.1205  Acc 64.11% | Val Loss 2.0727  Acc 66.23% | Time 14.0s
[resnet50_fewshot_20pct] Epoch   6/20 | Train Loss 1.9550  Acc 68.98% | Val Loss 1.9233  Acc 69.34% | Time 14.0s
[resnet50_fewshot_20pct] Epoch   7/20 | Train Loss 1.8259  Acc 70.15% | Val Loss 1.8455  Acc 68.54% | Time 13.7s
[resnet50_fewshot_20pct] Epoch   8/20 | Train Loss 1.7397  Acc 72.68% | Val Loss 1.7434  Acc 71.00% | Time 14.1s
[resnet50_fewshot_20pct] Epoch   9/20 | Train Loss 1.6252  Acc 71.51% | Val Loss 1.6463  Acc 71.21% | Time 14.3s
[resnet50_fewshot_20pct] Epoch  10/20 | Train Loss 1.5801  Acc 75.29% | Val Loss 1.6116  Acc 71.21% | Time 13.7s
[resnet50_fewshot_20pct] Epoch  11/20 | Train Loss 1.5205  Acc 76.65% | Val Loss 1.6018  Acc 70.78% | Time 14.3s
[resnet50_fewshot_20pct] Epoch  12/20 | Train Loss 1.4998  Acc 74.12% | Val Loss 1.5368  Acc 73.59% | Time 13.5s
[resnet50_fewshot_20pct] Epoch  13/20 | Train Loss 1.4604  Acc 76.10% | Val Loss 1.5220  Acc 73.02% | Time 13.6s
[resnet50_fewshot_20pct] Epoch  14/20 | Train Loss 1.4337  Acc 75.29% | Val Loss 1.4704  Acc 73.67% | Time 14.1s
[resnet50_fewshot_20pct] Epoch  15/20 | Train Loss 1.3799  Acc 77.55% | Val Loss 1.4615  Acc 73.52% | Time 13.9s
[resnet50_fewshot_20pct] Epoch  16/20 | Train Loss 1.3832  Acc 75.29% | Val Loss 1.4701  Acc 73.38% | Time 14.2s
[resnet50_fewshot_20pct] Epoch  17/20 | Train Loss 1.3852  Acc 76.56% | Val Loss 1.4860  Acc 73.23% | Time 14.1s
[resnet50_fewshot_20pct] Epoch  18/20 | Train Loss 1.3675  Acc 77.28% | Val Loss 1.4748  Acc 71.86% | Time 14.1s
[resnet50_fewshot_20pct] Epoch  19/20 | Train Loss 1.3782  Acc 75.56% | Val Loss 1.4435  Acc 73.23% | Time 13.8s
[resnet50_fewshot_20pct] Epoch  20/20 | Train Loss 1.3818  Acc 75.29% | Val Loss 1.4497  Acc 73.23% | Time 14.1s

── RESNET50 | 5% data | 20 epochs ──
  [timm] loaded 'resnet50' | head_attr='fc'
  [build_model] resnet50 | strategy=linear_probe | trainable=61,470 / 23,569,502 params
[resnet50_fewshot_5pct] Epoch   1/20 | Train Loss 3.3998  Acc 4.49% | Val Loss 3.2917  Acc 14.36% | Time 9.0s
[resnet50_fewshot_5pct] Epoch   2/20 | Train Loss 3.2077  Acc 16.10% | Val Loss 3.2069  Acc 23.02% | Time 8.5s
[resnet50_fewshot_5pct] Epoch   3/20 | Train Loss 3.0768  Acc 28.46% | Val Loss 3.1284  Acc 30.45% | Time 8.6s
[resnet50_fewshot_5pct] Epoch   4/20 | Train Loss 2.9500  Acc 36.70% | Val Loss 3.0289  Acc 38.38% | Time 8.9s
[resnet50_fewshot_5pct] Epoch   5/20 | Train Loss 2.8375  Acc 51.31% | Val Loss 2.9379  Acc 41.56% | Time 10.1s
[resnet50_fewshot_5pct] Epoch   6/20 | Train Loss 2.7455  Acc 56.55% | Val Loss 2.8580  Acc 48.48% | Time 8.5s
[resnet50_fewshot_5pct] Epoch   7/20 | Train Loss 2.6430  Acc 64.04% | Val Loss 2.7858  Acc 50.94% | Time 8.8s
[resnet50_fewshot_5pct] Epoch   8/20 | Train Loss 2.5731  Acc 68.91% | Val Loss 2.7257  Acc 51.95% | Time 9.0s
[resnet50_fewshot_5pct] Epoch   9/20 | Train Loss 2.5106  Acc 71.91% | Val Loss 2.6664  Acc 54.55% | Time 8.9s
[resnet50_fewshot_5pct] Epoch  10/20 | Train Loss 2.4260  Acc 77.53% | Val Loss 2.6150  Acc 55.99% | Time 8.5s
[resnet50_fewshot_5pct] Epoch  11/20 | Train Loss 2.4057  Acc 74.53% | Val Loss 2.5898  Acc 57.29% | Time 9.0s
[resnet50_fewshot_5pct] Epoch  12/20 | Train Loss 2.3620  Acc 76.03% | Val Loss 2.5736  Acc 56.13% | Time 8.4s
[resnet50_fewshot_5pct] Epoch  13/20 | Train Loss 2.3188  Acc 76.40% | Val Loss 2.5638  Acc 56.93% | Time 9.1s
[resnet50_fewshot_5pct] Epoch  14/20 | Train Loss 2.3071  Acc 76.78% | Val Loss 2.5355  Acc 57.79% | Time 8.9s
[resnet50_fewshot_5pct] Epoch  15/20 | Train Loss 2.2749  Acc 78.65% | Val Loss 2.5230  Acc 57.86% | Time 9.1s
[resnet50_fewshot_5pct] Epoch  16/20 | Train Loss 2.2653  Acc 74.16% | Val Loss 2.5196  Acc 56.85% | Time 8.8s
[resnet50_fewshot_5pct] Epoch  17/20 | Train Loss 2.2560  Acc 79.40% | Val Loss 2.5022  Acc 58.08% | Time 8.9s
[resnet50_fewshot_5pct] Epoch  18/20 | Train Loss 2.2559  Acc 76.78% | Val Loss 2.5102  Acc 57.94% | Time 8.8s
[resnet50_fewshot_5pct] Epoch  19/20 | Train Loss 2.2337  Acc 79.78% | Val Loss 2.5036  Acc 57.29% | Time 8.9s
[resnet50_fewshot_5pct] Epoch  20/20 | Train Loss 2.2504  Acc 77.53% | Val Loss 2.5054  Acc 57.29% | Time 8.8s
  Δ = 32.64%  (100% vs 5% data)
  [plot] saved → results/4.3_few_shot/few_shot_comparison.png
  [json] saved → results/4.3_few_shot/results.json

============================================================
  SCENARIO 4.4 – Corruption Robustness Evaluation
============================================================
  [timm] loaded 'efficientnet_b0' | head_attr='classifier'
  [build_model] efficientnet_b0 | strategy=full_finetune | trainable=4,045,978 / 4,045,978 params
  [checkpoint] loaded checkpoints/ft_efficientnet_b0_full_finetune.pth

── EFFICIENTNET_B0 | Clean Acc: 96.18%
  gaussian_s0.05             acc=32.11%  CE=0.6789  RR=0.3338
  gaussian_s0.1              acc=5.27%  CE=0.9473  RR=0.0548
  gaussian_s0.2              acc=3.61%  CE=0.9639  RR=0.0375
  motion_blur                acc=39.83%  CE=0.6017  RR=0.4141
  brightness_shift           acc=95.24%  CE=0.0476  RR=0.9902
  [timm] loaded 'densenet121' | head_attr='classifier'
  [build_model] densenet121 | strategy=full_finetune | trainable=6,984,606 / 6,984,606 params
  [checkpoint] loaded checkpoints/ft_densenet121_full_finetune.pth

── DENSENET121 | Clean Acc: 96.39%
  gaussian_s0.05             acc=51.15%  CE=0.4885  RR=0.5307
  gaussian_s0.1              acc=3.75%  CE=0.9625  RR=0.0389
  gaussian_s0.2              acc=2.60%  CE=0.9740  RR=0.0269
  motion_blur                acc=37.01%  CE=0.6299  RR=0.3840
  brightness_shift           acc=95.82%  CE=0.0418  RR=0.9940
  [timm] loaded 'resnet50' | head_attr='fc'
  [build_model] resnet50 | strategy=full_finetune | trainable=23,569,502 / 23,569,502 params
  [checkpoint] loaded checkpoints/ft_resnet50_full_finetune.pth

── RESNET50 | Clean Acc: 95.74%
  gaussian_s0.05             acc=56.20%  CE=0.4380  RR=0.5870
  gaussian_s0.1              acc=3.25%  CE=0.9675  RR=0.0339
  gaussian_s0.2              acc=3.32%  CE=0.9668  RR=0.0347
  motion_blur                acc=57.22%  CE=0.4278  RR=0.5976
  brightness_shift           acc=95.17%  CE=0.0483  RR=0.9940
  [plot] saved → results/4.4_corruption/robustness_comparison.png
  [json] saved → results/4.4_corruption/results.json

============================================================
  SCENARIO 4.5 – Layer-Wise Feature Probing
============================================================

── EFFICIENTNET_B0 ──────────────────────────
  [timm] loaded 'efficientnet_b0' | head_attr='classifier'
  [build_model] efficientnet_b0 | strategy=full_finetune | trainable=4,045,978 / 4,045,978 params
  Probing layer: blocks.0 (early)
    probe_acc=44.81%  mean_norm=4.9699
  Probing layer: blocks.2 (middle)
    probe_acc=73.74%  mean_norm=17.3763
  Probing layer: blocks.4 (deep)
    probe_acc=88.31%  mean_norm=20.3720
  Probing layer: blocks.6 (final)
    probe_acc=94.88%  mean_norm=28.7479
  [plot] saved → results/4.5_layer_probe/efficientnet_b0/pca_early.png
  [plot] saved → results/4.5_layer_probe/efficientnet_b0/pca_middle.png
  [plot] saved → results/4.5_layer_probe/efficientnet_b0/pca_deep.png
  [plot] saved → results/4.5_layer_probe/efficientnet_b0/pca_final.png

── DENSENET121 ──────────────────────────
  [timm] loaded 'densenet121' | head_attr='classifier'
  [build_model] densenet121 | strategy=full_finetune | trainable=6,984,606 / 6,984,606 params
  Probing layer: features.denseblock1 (early)
    probe_acc=77.27%  mean_norm=109.8130
  Probing layer: features.denseblock2 (middle)
    probe_acc=87.66%  mean_norm=31.9495
  Probing layer: features.denseblock3 (deep)
/home/nasir/miniconda/envs/myenv/lib/python3.9/site-packages/joblib/externals/loky/process_executor.py:782: UserWarning: A worker stopped while some jobs were given to the executor. This can be caused by a too short worker timeout or by a memory leak.
  warnings.warn(
    probe_acc=94.23%  mean_norm=29.6670
  Probing layer: features.denseblock4 (final)
    probe_acc=95.24%  mean_norm=30.8869
  [plot] saved → results/4.5_layer_probe/densenet121/pca_early.png
  [plot] saved → results/4.5_layer_probe/densenet121/pca_middle.png
  [plot] saved → results/4.5_layer_probe/densenet121/pca_deep.png
  [plot] saved → results/4.5_layer_probe/densenet121/pca_final.png

── RESNET50 ──────────────────────────
  [timm] loaded 'resnet50' | head_attr='fc'
  [build_model] resnet50 | strategy=full_finetune | trainable=23,569,502 / 23,569,502 params
  Probing layer: layer1 (early)
    probe_acc=78.64%  mean_norm=18.8040
  Probing layer: layer2 (middle)
    probe_acc=88.60%  mean_norm=49.7625
  Probing layer: layer3 (deep)
    probe_acc=93.65%  mean_norm=45.9790
  Probing layer: layer4 (final)
    probe_acc=95.31%  mean_norm=20.6398
  [plot] saved → results/4.5_layer_probe/resnet50/pca_early.png
  [plot] saved → results/4.5_layer_probe/resnet50/pca_middle.png
  [plot] saved → results/4.5_layer_probe/resnet50/pca_deep.png
  [plot] saved → results/4.5_layer_probe/resnet50/pca_final.png
  [plot] saved → results/4.5_layer_probe/probe_accuracy_vs_depth.png
  [plot] saved → results/4.5_layer_probe/feature_norms_vs_depth.png
  [json] saved → results/4.5_layer_probe/results.json

[main] All results saved → results/all_results.json
[main] Total time : 402.9 min
[main] Finished   : 2026-03-11 23:46:03
